[    0.000000] Initializing cgroup subsys cpuset
[    0.000000] Initializing cgroup subsys cpu
[    0.000000] Initializing cgroup subsys cpuacct
[    0.000000] Linux version 4.4.0-210-generic (buildd@lgw01-amd64-009) (gcc version 5.4.0 20160609 (Ubuntu 5.4.0-6ubuntu1~16.04.12) ) #242-Ubuntu SMP Fri Apr 16 09:57:56 UTC 2021 (Ubuntu 4.4.0-210.242-generic 4.4.262)
[    0.000000] Command line: BOOT_IMAGE=/boot/vmlinuz-4.4.0-210-generic root=LABEL=cloudimg-rootfs ro console=tty1 console=ttyS0
[    0.000000] KERNEL supported cpus:
[    0.000000]   Intel GenuineIntel
[    0.000000]   AMD AuthenticAMD
[    0.000000]   Centaur CentaurHauls
[    0.000000] [Firmware Bug]: TSC doesn't count with P0 frequency!
[    0.000000] x86/fpu: xstate_offset[2]:  576, xstate_sizes[2]:  256
[    0.000000] x86/fpu: Supporting XSAVE feature 0x01: 'x87 floating point registers'
[    0.000000] x86/fpu: Supporting XSAVE feature 0x02: 'SSE registers'
[    0.000000] x86/fpu: Supporting XSAVE feature 0x04: 'AVX registers'
[    0.000000] x86/fpu: Enabled xstate features 0x7, context size is 832 bytes, using 'standard' format.
[    0.000000] e820: BIOS-provided physical RAM map:
[    0.000000] BIOS-e820: [mem 0x0000000000000000-0x000000000009fbff] usable
[    0.000000] BIOS-e820: [mem 0x000000000009fc00-0x000000000009ffff] reserved
[    0.000000] BIOS-e820: [mem 0x00000000000f0000-0x00000000000fffff] reserved
[    0.000000] BIOS-e820: [mem 0x0000000000100000-0x000000003ffeffff] usable
[    0.000000] BIOS-e820: [mem 0x000000003fff0000-0x000000003fffffff] ACPI data
[    0.000000] BIOS-e820: [mem 0x00000000fec00000-0x00000000fec00fff] reserved
[    0.000000] BIOS-e820: [mem 0x00000000fee00000-0x00000000fee00fff] reserved
[    0.000000] BIOS-e820: [mem 0x00000000fffc0000-0x00000000ffffffff] reserved
[    0.000000] NX (Execute Disable) protection: active
[    0.000000] SMBIOS 2.5 present.
[    0.000000] Hypervisor detected: KVM
[    0.000000] Kernel/User page tables isolation: disabled
[    0.000000] e820: last_pfn = 0x3fff0 max_arch_pfn = 0x400000000
[    0.000000] MTRR: Disabled
[    0.000000] x86/PAT: MTRRs disabled, skipping PAT initialization too.
[    0.000000] CPU MTRRs all blank - virtualized system.
[    0.000000] x86/PAT: Configuration [0-7]: WB  WT  UC- UC  WB  WT  UC- UC  
[    0.000000] found SMP MP-table at [mem 0x0009fff0-0x0009ffff] mapped at [ffff88000009fff0]
[    0.000000] Scanning 1 areas for low memory corruption
[    0.000000] RAMDISK: [mem 0x362dc000-0x37165fff]
[    0.000000] ACPI: Early table checksum verification disabled
[    0.000000] ACPI: RSDP 0x00000000000E0000 000024 (v02 VBOX  )
[    0.000000] ACPI: XSDT 0x000000003FFF0030 00003C (v01 VBOX   VBOXXSDT 00000001 ASL  00000061)
[    0.000000] ACPI: FACP 0x000000003FFF00F0 0000F4 (v04 VBOX   VBOXFACP 00000001 ASL  00000061)
[    0.000000] ACPI: DSDT 0x000000003FFF0470 002325 (v02 VBOX   VBOXBIOS 00000002 INTL 20100528)
[    0.000000] ACPI: FACS 0x000000003FFF0200 000040
[    0.000000] ACPI: FACS 0x000000003FFF0200 000040
[    0.000000] ACPI: APIC 0x000000003FFF0240 00005C (v02 VBOX   VBOXAPIC 00000001 ASL  00000061)
[    0.000000] ACPI: SSDT 0x000000003FFF02A0 0001CC (v01 VBOX   VBOXCPUT 00000002 INTL 20100528)
[    0.000000] No NUMA configuration found
[    0.000000] Faking a node at [mem 0x0000000000000000-0x000000003ffeffff]
[    0.000000] NODE_DATA(0) allocated [mem 0x3ffeb000-0x3ffeffff]
[    0.000000] kvm-clock: Using msrs 4b564d01 and 4b564d00
[    0.000000] kvm-clock: cpu 0, msr 0:3ffe3001, primary cpu clock
[    0.000000] kvm-clock: using sched offset of 3381503932 cycles
[    0.000000] clocksource: kvm-clock: mask: 0xffffffffffffffff max_cycles: 0x1cd42e4dffb, max_idle_ns: 881590591483 ns
[    0.000000] Zone ranges:
[    0.000000]   DMA      [mem 0x0000000000001000-0x0000000000ffffff]
[    0.000000]   DMA32    [mem 0x0000000001000000-0x000000003ffeffff]
[    0.000000]   Normal   empty
[    0.000000]   Device   empty
[    0.000000] Movable zone start for each node
[    0.000000] Early memory node ranges
[    0.000000]   node   0: [mem 0x0000000000001000-0x000000000009efff]
[    0.000000]   node   0: [mem 0x0000000000100000-0x000000003ffeffff]
[    0.000000] Initmem setup node 0 [mem 0x0000000000001000-0x000000003ffeffff]
[    0.000000] ACPI: PM-Timer IO Port: 0x4008
[    0.000000] IOAPIC[0]: apic_id 2, version 32, address 0xfec00000, GSI 0-23
[    0.000000] ACPI: INT_SRC_OVR (bus 0 bus_irq 0 global_irq 2 dfl dfl)
[    0.000000] ACPI: INT_SRC_OVR (bus 0 bus_irq 9 global_irq 9 low level)
[    0.000000] Using ACPI (MADT) for SMP configuration information
[    0.000000] smpboot: Allowing 2 CPUs, 0 hotplug CPUs
[    0.000000] PM: Registered nosave memory: [mem 0x00000000-0x00000fff]
[    0.000000] PM: Registered nosave memory: [mem 0x0009f000-0x0009ffff]
[    0.000000] PM: Registered nosave memory: [mem 0x000a0000-0x000effff]
[    0.000000] PM: Registered nosave memory: [mem 0x000f0000-0x000fffff]
[    0.000000] e820: [mem 0x40000000-0xfebfffff] available for PCI devices
[    0.000000] Booting paravirtualized kernel on KVM
[    0.000000] clocksource: refined-jiffies: mask: 0xffffffff max_cycles: 0xffffffff, max_idle_ns: 7645519600211568 ns
[    0.000000] setup_percpu: NR_CPUS:512 nr_cpumask_bits:512 nr_cpu_ids:2 nr_node_ids:1
[    0.000000] PERCPU: Embedded 33 pages/cpu @ffff88003fc00000 s95192 r8192 d31784 u1048576
[    0.000000] Built 1 zonelists in Node order, mobility grouping on.  Total pages: 257912
[    0.000000] Policy zone: DMA32
[    0.000000] Kernel command line: BOOT_IMAGE=/boot/vmlinuz-4.4.0-210-generic root=LABEL=cloudimg-rootfs ro console=tty1 console=ttyS0
[    0.000000] PID hash table entries: 4096 (order: 3, 32768 bytes)
[    0.000000] Memory: 997792K/1048120K available (8644K kernel code, 1332K rwdata, 4044K rodata, 1492K init, 1164K bss, 50328K reserved, 0K cma-reserved)
[    0.000000] SLUB: HWalign=64, Order=0-3, MinObjects=0, CPUs=2, Nodes=1
[    0.000000] Hierarchical RCU implementation.
[    0.000000] 	Build-time adjustment of leaf fanout to 64.
[    0.000000] 	RCU restricting CPUs from NR_CPUS=512 to nr_cpu_ids=2.
[    0.000000] RCU: Adjusting geometry for rcu_fanout_leaf=64, nr_cpu_ids=2
[    0.000000] NR_IRQS:33024 nr_irqs:440 16
[    0.000000] Console: colour VGA+ 80x25
[    0.000000] console [tty1] enabled
[    0.000000] console [ttyS0] enabled
[    0.000000] tsc: Detected 2096.056 MHz processor
[    0.157440] Calibrating delay loop (skipped) preset value.. 4192.11 BogoMIPS (lpj=8384224)
[    0.159507] pid_max: default: 32768 minimum: 301
[    0.160519] ACPI: Core revision 20150930
[    0.162528] ACPI: 2 ACPI AML tables successfully acquired and loaded
[    0.163930] Security Framework initialized
[    0.164817] Yama: becoming mindful.
[    0.165628] AppArmor: AppArmor initialized
[    0.166580] Dentry cache hash table entries: 131072 (order: 8, 1048576 bytes)
[    0.168091] Inode-cache hash table entries: 65536 (order: 7, 524288 bytes)
[    0.170856] Mount-cache hash table entries: 2048 (order: 2, 16384 bytes)
[    0.172818] Mountpoint-cache hash table entries: 2048 (order: 2, 16384 bytes)
[    0.174717] Initializing cgroup subsys io
[    0.175892] Initializing cgroup subsys memory
[    0.176947] Initializing cgroup subsys devices
[    0.177918] Initializing cgroup subsys freezer
[    0.178775] Initializing cgroup subsys net_cls
[    0.179738] Initializing cgroup subsys perf_event
[    0.180716] Initializing cgroup subsys net_prio
[    0.181905] Initializing cgroup subsys hugetlb
[    0.183134] Initializing cgroup subsys pids
[    0.198584] mce: CPU supports 0 MCE banks
[    0.199623] Last level iTLB entries: 4KB 1024, 2MB 1024, 4MB 512
[    0.200957] Last level dTLB entries: 4KB 1536, 2MB 1536, 4MB 768, 1GB 0
[    0.202425] Spectre V1 : Mitigation: usercopy/swapgs barriers and __user pointer sanitization
[    0.204442] Spectre V2 : Spectre mitigation: LFENCE not serializing, switching to generic retpoline
[    0.206647] Spectre V2 : Mitigation: Full generic retpoline
[    0.207962] Spectre V2 : Spectre v2 / SpectreRSB mitigation: Filling RSB on context switch
[    0.209838] Speculative Store Bypass: Mitigation: Speculative Store Bypass disabled via prctl and seccomp
[    0.215290] Freeing SMP alternatives memory: 36K
[    0.223166] ftrace: allocating 32380 entries in 127 pages
[    0.294564] smpboot: APIC(0) Converting physical 0 to logical package 0
[    0.296030] smpboot: Max logical packages: 1
[    0.297824] x2apic enabled
[    0.298988] Switched APIC routing to physical x2apic.
[    0.301723] ..TIMER: vector=0x30 apic1=0 pin1=2 apic2=-1 pin2=-1
[    0.411374] APIC calibration not consistent with PM-Timer: 102ms instead of 100ms
[    0.413567] APIC delta adjusted to PM-Timer: 6319544 (6478860)
[    0.415151] smpboot: CPU0: AMD Ryzen 5 3500U with Radeon Vega Mobile Gfx (family: 0x17, model: 0x18, stepping: 0x1)
[    0.417605] Performance Events: Broken PMU hardware detected, using software events only.
[    0.419351] Failed to access perfctr msr (MSR c0010007 is 0)
[    0.427754] KVM setup paravirtual spinlock
[    0.429514] x86: Booting SMP configuration:
[    0.430423] .... node  #0, CPUs:      #1
[    0.431723] kvm-clock: cpu 1, msr 0:3ffe3041, secondary cpu clock
[    0.445964] mce: CPU supports 0 MCE banks
[    0.448680] x86: Booted up 1 node, 2 CPUs
[    0.449758] smpboot: Total of 2 processors activated (8384.22 BogoMIPS)
[    0.451604] devtmpfs: initialized
[    0.454714] evm: security.selinux
[    0.455553] evm: security.SMACK64
[    0.456268] evm: security.SMACK64EXEC
[    0.457026] evm: security.SMACK64TRANSMUTE
[    0.457899] evm: security.SMACK64MMAP
[    0.458688] evm: security.ima
[    0.459360] evm: security.capability
[    0.462003] clocksource: jiffies: mask: 0xffffffff max_cycles: 0xffffffff, max_idle_ns: 7645041785100000 ns
[    0.464572] futex hash table entries: 512 (order: 3, 32768 bytes)
[    0.466354] pinctrl core: initialized pinctrl subsystem
[    0.467803] RTC time:  8:59:59, date: 03/18/22
[    0.469343] NET: Registered protocol family 16
[    0.481609] cpuidle: using governor ladder
[    0.496281] cpuidle: using governor menu
[    0.497644] PCCT header not found.
[    0.499541] ACPI: bus type PCI registered
[    0.500906] acpiphp: ACPI Hot Plug PCI Controller Driver version: 0.5
[    0.502752] PCI: Using configuration type 1 for base access
[    0.503956] PCI: Using configuration type 1 for extended access
[    0.520760] ACPI: Added _OSI(Module Device)
[    0.521876] ACPI: Added _OSI(Processor Device)
[    0.522921] ACPI: Added _OSI(3.0 _SCP Extensions)
[    0.523853] ACPI: Added _OSI(Processor Aggregator Device)
[    0.525453] ACPI: Executed 1 blocks of module-level executable AML code
[    0.529508] ACPI: Interpreter enabled
[    0.530354] ACPI: (supports S0 S5)
[    0.531056] ACPI: Using IOAPIC for interrupt routing
[    0.532188] PCI: Using host bridge windows from ACPI; if necessary, use "pci=nocrs" and report a bug
[    0.537521] ACPI: PCI Root Bridge [PCI0] (domain 0000 [bus 00-ff])
[    0.538821] acpi PNP0A03:00: _OSC: OS supports [ExtendedConfig ASPM ClockPM Segments MSI]
[    0.541072] acpi PNP0A03:00: _OSC: platform does not support [PCIeCapability]
[    0.542703] acpi PNP0A03:00: _OSC: not requesting control; platform does not support [PCIeCapability]
[    0.544435] acpi PNP0A03:00: _OSC: OS requested [PCIeHotplug PME AER PCIeCapability]
[    0.546345] acpi PNP0A03:00: _OSC: platform willing to grant [PCIeHotplug PME AER]
[    0.557917] acpi PNP0A03:00: _OSC failed (AE_SUPPORT); disabling ASPM
[    0.559452] PCI host bridge to bus 0000:00
[    0.560310] pci_bus 0000:00: root bus resource [io  0x0000-0x0cf7 window]
[    0.561501] pci_bus 0000:00: root bus resource [io  0x0d00-0xffff window]
[    0.562698] pci_bus 0000:00: root bus resource [mem 0x000a0000-0x000bffff window]
[    0.564480] pci_bus 0000:00: root bus resource [mem 0x40000000-0xfdffffff window]
[    0.566237] pci_bus 0000:00: root bus resource [bus 00-ff]
[    0.569216] pci 0000:00:01.1: legacy IDE quirk: reg 0x10: [io  0x01f0-0x01f7]
[    0.570569] pci 0000:00:01.1: legacy IDE quirk: reg 0x14: [io  0x03f6]
[    0.572017] pci 0000:00:01.1: legacy IDE quirk: reg 0x18: [io  0x0170-0x0177]
[    0.573387] pci 0000:00:01.1: legacy IDE quirk: reg 0x1c: [io  0x0376]
[    0.598222] pci 0000:00:07.0: quirk: [io  0x4000-0x403f] claimed by PIIX4 ACPI
[    0.600025] pci 0000:00:07.0: quirk: [io  0x4100-0x410f] claimed by PIIX4 SMB
[    0.616530] ACPI: PCI Interrupt Link [LNKA] (IRQs 5 9 10 *11)
[    0.618364] ACPI: PCI Interrupt Link [LNKB] (IRQs 5 9 *10 11)
[    0.620125] ACPI: PCI Interrupt Link [LNKC] (IRQs 5 *9 10 11)
[    0.621830] ACPI: PCI Interrupt Link [LNKD] (IRQs 5 9 10 *11)
[    0.623629] ACPI: Enabled 2 GPEs in block 00 to 07
[    0.625033] vgaarb: setting as boot device: PCI:0000:00:02.0
[    0.626157] vgaarb: device added: PCI:0000:00:02.0,decodes=io+mem,owns=io+mem,locks=none
[    0.627828] vgaarb: loaded
[    0.628634] vgaarb: bridge control possible 0000:00:02.0
[    0.630179] SCSI subsystem initialized
[    0.631375] ACPI: bus type USB registered
[    0.632399] usbcore: registered new interface driver usbfs
[    0.633806] usbcore: registered new interface driver hub
[    0.635028] usbcore: registered new device driver usb
[    0.636492] PCI: Using ACPI for IRQ routing
[    0.637989] NetLabel: Initializing
[    0.639041] NetLabel:  domain hash size = 128
[    0.640111] NetLabel:  protocols = UNLABELED CIPSOv4
[    0.641158] NetLabel:  unlabeled traffic allowed by default
[    0.642526] amd_nb: Cannot enumerate AMD northbridges
[    0.643894] clocksource: Switched to clocksource kvm-clock
[    0.655220] AppArmor: AppArmor Filesystem Enabled
[    0.656621] pnp: PnP ACPI init
[    0.658318] pnp: PnP ACPI: found 3 devices
[    0.669667] clocksource: acpi_pm: mask: 0xffffff max_cycles: 0xffffff, max_idle_ns: 2085701024 ns
[    0.671444] NET: Registered protocol family 2
[    0.672589] TCP established hash table entries: 8192 (order: 4, 65536 bytes)
[    0.673819] TCP bind hash table entries: 8192 (order: 5, 131072 bytes)
[    0.674997] TCP: Hash tables configured (established 8192 bind 8192)
[    0.676179] UDP hash table entries: 512 (order: 2, 16384 bytes)
[    0.677353] UDP-Lite hash table entries: 512 (order: 2, 16384 bytes)
[    0.678833] NET: Registered protocol family 1
[    0.679949] pci 0000:00:00.0: Limiting direct PCI/PCI transfers
[    0.681148] pci 0000:00:01.0: Activating ISA DMA hang workarounds
[    0.683646] Unpacking initramfs...
[    0.902441] Freeing initrd memory: 14888K
[    0.903439] clocksource: tsc: mask: 0xffffffffffffffff max_cycles: 0x1e36a2bbceb, max_idle_ns: 440795216620 ns
[    0.905312] platform rtc_cmos: registered platform RTC device (no PNP device found)
[    0.907552] Scanning for low memory corruption every 60 seconds
[    0.910363] audit: initializing netlink subsys (disabled)
[    0.911872] audit: type=2000 audit(1647594005.271:1): initialized
[    0.913605] Initialise system trusted keyring
[    0.914985] HugeTLB registered 2 MB page size, pre-allocated 0 pages
[    0.917232] zbud: loaded
[    0.918476] VFS: Disk quotas dquot_6.6.0
[    0.919490] VFS: Dquot-cache hash table entries: 512 (order 0, 4096 bytes)
[    0.920994] squashfs: version 4.0 (2009/01/31) Phillip Lougher
[    0.923986] fuse init (API version 7.23)
[    0.925257] Key type big_key registered
[    0.926148] Allocating IMA MOK and blacklist keyrings.
[    0.928816] Key type asymmetric registered
[    0.930102] Asymmetric key parser 'x509' registered
[    0.931479] Block layer SCSI generic (bsg) driver version 0.4 loaded (major 249)
[    0.933360] io scheduler noop registered
[    0.934348] io scheduler deadline registered (default)
[    0.935633] io scheduler cfq registered
[    0.936649] pci_hotplug: PCI Hot Plug PCI Core version: 0.5
[    0.937872] pciehp: PCI Express Hot Plug Controller Driver version: 0.4
[    0.939438] ACPI: AC Adapter [AC] (on-line)
[    0.940527] input: Power Button as /devices/LNXSYSTM:00/LNXPWRBN:00/input/input0
[    0.941908] ACPI: Power Button [PWRF]
[    0.942726] input: Sleep Button as /devices/LNXSYSTM:00/LNXSLPBN:00/input/input1
[    0.944198] ACPI: Sleep Button [SLPF]
[    0.945158] GHES: HEST is not enabled!
[    0.945702] ACPI: Battery Slot [BAT0] (battery present)
[    0.947435] Serial: 8250/16550 driver, 32 ports, IRQ sharing enabled
[    0.969249] 00:02: ttyS0 at I/O 0x3f8 (irq = 4, base_baud = 115200) is a 16550A
[    0.973562] Linux agpgart interface v0.103
[    0.976775] loop: module loaded
[    0.978426] scsi host0: ata_piix
[    0.979840] scsi host1: ata_piix
[    0.980636] ata1: PATA max UDMA/33 cmd 0x1f0 ctl 0x3f6 bmdma 0xd000 irq 14
[    0.982105] ata2: PATA max UDMA/33 cmd 0x170 ctl 0x376 bmdma 0xd008 irq 15
[    0.983715] libphy: Fixed MDIO Bus: probed
[    0.984855] tun: Universal TUN/TAP device driver, 1.6
[    0.986014] tun: (C) 1999-2004 Max Krasnyansky <maxk@qualcomm.com>
[    0.987440] PPP generic driver version 2.4.2
[    0.988650] ehci_hcd: USB 2.0 'Enhanced' Host Controller (EHCI) Driver
[    0.990029] ehci-pci: EHCI PCI platform driver
[    0.990916] ehci-platform: EHCI generic platform driver
[    0.991899] ohci_hcd: USB 1.1 'Open' Host Controller (OHCI) Driver
[    0.993422] ohci-pci: OHCI PCI platform driver
[    0.994527] ohci-platform: OHCI generic platform driver
[    0.995835] uhci_hcd: USB Universal Host Controller Interface driver
[    0.997359] i8042: PNP: PS/2 Controller [PNP0303:PS2K,PNP0f03:PS2M] at 0x60,0x64 irq 1,12
[    0.999423] serio: i8042 KBD port at 0x60,0x64 irq 1
[    1.000349] serio: i8042 AUX port at 0x60,0x64 irq 12
[    1.001505] mousedev: PS/2 mouse device common for all mice
[    1.002960] input: AT Translated Set 2 keyboard as /devices/platform/i8042/serio0/input/input2
[    1.005379] rtc_cmos rtc_cmos: rtc core: registered rtc_cmos as rtc0
[    1.007005] rtc_cmos rtc_cmos: alarms up to one day, 114 bytes nvram
[    1.008331] i2c /dev entries driver
[    1.009138] device-mapper: uevent: version 1.0.3
[    1.010189] device-mapper: ioctl: 4.34.0-ioctl (2015-10-28) initialised: dm-devel@redhat.com
[    1.011830] ledtrig-cpu: registered to indicate activity on CPUs
[    1.013495] NET: Registered protocol family 10
[    1.014910] NET: Registered protocol family 17
[    1.016044] Key type dns_resolver registered
[    1.017476] registered taskstats version 1
[    1.018536] Loading compiled-in X.509 certificates
[    1.020371] Loaded X.509 cert 'Build time autogenerated kernel key: cf00e047681d67edb2720680708b7d9498083038'
[    1.022312] zswap: loaded using pool lzo/zbud
[    1.025474] Key type trusted registered
[    1.030748] Key type encrypted registered
[    1.031857] AppArmor: AppArmor sha1 policy hashing enabled
[    1.033440] ima: No TPM chip found, activating TPM-bypass!
[    1.034725] ima: Allocated hash algorithm: sha1
[    1.035766] evm: HMAC attrs: 0x1
[    1.036966]   Magic number: 14:622:978
[    1.037939] rtc_cmos rtc_cmos: setting system clock to 2022-03-18 09:00:00 UTC (1647594000)
[    1.040018] BIOS EDD facility v0.16 2004-Jun-25, 0 devices found
[    1.041218] EDD information not available.
[    1.160739] Freeing unused kernel memory: 1492K
[    1.162263] Write protecting the kernel read-only data: 14336k
[    1.164480] Freeing unused kernel memory: 1584K
[    1.165766] Freeing unused kernel memory: 52K
Loading, please wait...
starting version 229
[    1.180609] random: systemd-udevd: uninitialized urandom read (16 bytes read, 3 bits of entropy available)
[    1.181348] random: udevadm: uninitialized urandom read (16 bytes read, 3 bits of entropy available)
[    1.181372] random: udevadm: uninitialized urandom read (16 bytes read, 3 bits of entropy available)
[    1.186501] random: systemd-udevd: uninitialized urandom read (16 bytes read, 3 bits of entropy available)
[    1.188484] random: systemd-udevd: uninitialized urandom read (16 bytes read, 3 bits of entropy available)
[    1.189964] random: udevadm: uninitialized urandom read (16 bytes read, 3 bits of entropy available)
[    1.190015] random: udevadm: uninitialized urandom read (16 bytes read, 3 bits of entropy available)
[    1.190143] random: udevadm: uninitialized urandom read (16 bytes read, 3 bits of entropy available)
[    1.190195] random: udevadm: uninitialized urandom read (16 bytes read, 3 bits of entropy available)
[    1.190246] random: udevadm: uninitialized urandom read (16 bytes read, 3 bits of entropy available)
[    1.247006] Fusion MPT base driver 3.04.20
[    1.248052] Copyright (c) 1999-2008 LSI Corporation
[    1.250471] e1000: Intel(R) PRO/1000 Network Driver - version 7.3.21-k8-NAPI
[    1.251908] e1000: Copyright (c) 1999-2006 Intel Corporation.
[    1.263022] Fusion MPT SPI Host driver 3.04.20
[    1.267236] AVX2 version of gcm_enc/dec engaged.
[    1.268366] AES CTR mode by8 optimization enabled
[    1.450881] input: ImExPS/2 Generic Explorer Mouse as /devices/platform/i8042/serio1/input/input4
[    1.613815] e1000 0000:00:03.0 eth0: (PCI:33MHz:32-bit) 02:be:82:6b:cc:1d
[    1.615319] e1000 0000:00:03.0 eth0: Intel(R) PRO/1000 Network Connection
[    1.978042] e1000 0000:00:08.0 eth1: (PCI:33MHz:32-bit) 08:00:27:9e:10:06
[    1.979322] e1000 0000:00:08.0 eth1: Intel(R) PRO/1000 Network Connection
[    1.982498] e1000 0000:00:03.0 enp0s3: renamed from eth0
[    1.984272] mptbase: ioc0: Initiating bringup
[    2.000265] e1000 0000:00:08.0 enp0s8: renamed from eth1
[    2.581252] ioc0: LSI53C1030 A0: Capabilities={Initiator}
[    2.742824] scsi host2: ioc0: LSI53C1030 A0, FwRev=00000000h, Ports=1, MaxQ=256, IRQ=20
[    3.656791] scsi 2:0:0:0: Direct-Access     VBOX     HARDDISK         1.0  PQ: 0 ANSI: 5
[    3.659552] scsi target2:0:0: Beginning Domain Validation
[    3.662695] scsi target2:0:0: Domain Validation skipping write tests
[    3.664695] scsi target2:0:0: Ending Domain Validation
[    3.666446] scsi target2:0:0: asynchronous
[    3.668410] scsi 2:0:1:0: Direct-Access     VBOX     HARDDISK         1.0  PQ: 0 ANSI: 5
[    3.670641] scsi target2:0:1: Beginning Domain Validation
[    3.673043] scsi target2:0:1: Domain Validation skipping write tests
[    3.674589] scsi target2:0:1: Ending Domain Validation
[    3.675913] scsi target2:0:1: asynchronous
[    3.685702] sd 2:0:0:0: [sda] 83886080 512-byte logical blocks: (42.9 GB/40.0 GiB)
[    3.687761] sd 2:0:0:0: Attached scsi generic sg0 type 0
[    3.688925] sd 2:0:0:0: [sda] Write Protect is off
[    3.690383] sd 2:0:1:0: [sdb] 20480 512-byte logical blocks: (10.5 MB/10.0 MiB)
[    3.690482] sd 2:0:0:0: [sda] Incomplete mode parameter data
[    3.690484] sd 2:0:0:0: [sda] Assuming drive cache: write through
[    3.694225] sd 2:0:1:0: Attached scsi generic sg1 type 0
[    3.695879] sd 2:0:1:0: [sdb] Write Protect is off
[    3.697030] sd 2:0:1:0: [sdb] Incomplete mode parameter data
[    3.698146] sd 2:0:1:0: [sdb] Assuming drive cache: write through
[    3.698180]  sda: sda1
[    3.700847] sd 2:0:0:0: [sda] Attached SCSI disk
[    3.702626] sd 2:0:1:0: [sdb] Attached SCSI disk
Begin: Loading essential drivers ... [    5.076499] md: linear personality registered for level -1
[    5.079772] md: multipath personality registered for level -4
[    5.083994] md: raid0 personality registered for level 0
[    5.089008] md: raid1 personality registered for level 1
[    5.160916] raid6: sse2x1   gen()  7097 MB/s
[    5.229502] raid6: sse2x1   xor()  6721 MB/s
[    5.296082] raid6: sse2x2   gen() 13616 MB/s
[    5.364687] raid6: sse2x2   xor()  8220 MB/s
[    5.432299] raid6: sse2x4   gen() 13926 MB/s
[    5.500825] raid6: sse2x4   xor()  5739 MB/s
[    5.569386] raid6: avx2x1   gen() 14325 MB/s
[    5.635994] raid6: avx2x2   gen() 18146 MB/s
[    5.704585] raid6: avx2x4   gen() 18916 MB/s
[    5.705637] raid6: using algorithm avx2x4 gen() 18916 MB/s
[    5.706681] raid6: using avx2x2 recovery algorithm
[    5.710385] xor: automatically using best checksumming function:
[    5.751905]    avx       : 14828.000 MB/sec
[    5.753907] async_tx: api initialized (async)
[    5.764941] md: raid6 personality registered for level 6
[    5.766206] md: raid5 personality registered for level 5
[    5.767386] md: raid4 personality registered for level 4
[    5.774968] md: raid10 personality registered for level 10
done.
Begin: Running /scripts/init-premount ... done.
Begin: Mounting root file system ... Begin: Running /scripts/local-top ... done.
Begin: Running /scripts/local-premount ... [    5.806008] Btrfs loaded
Scanning for Btrfs filesystems
done.
Warning: fsck not present, so skipping root file system
[    5.839639] EXT4-fs (sda1): mounted filesystem with ordered data mode. Opts: (null)
done.
Begin: Running /scripts/local-bottom ... done.
Begin: Running /scripts/init-bottom ... done.
[    5.934721] systemd[1]: systemd 229 running in system mode. (+PAM +AUDIT +SELINUX +IMA +APPARMOR +SMACK +SYSVINIT +UTMP +LIBCRYPTSETUP +GCRYPT +GNUTLS +ACL +XZ -LZ4 +SECCOMP +BLKID +ELFUTILS +KMOD -IDN)
[    5.938104] systemd[1]: Detected virtualization oracle.
[    5.939395] systemd[1]: Detected architecture x86-64.

Welcome to [1mUbuntu 16.04.7 LTS[0m!

[    5.943403] systemd[1]: Set hostname to <ubuntu>.
[    5.946257] systemd[1]: Initializing machine ID from random generator.
[    5.947791] systemd[1]: Installed transient /etc/machine-id file.
[    6.074643] systemd[1]: Created slice User and Session Slice.
[[0;32m  OK  [0m] Created slice User and Session Slice.
[    6.076959] systemd[1]: Listening on LVM2 poll daemon socket.
[[0;32m  OK  [0m] Listening on LVM2 poll daemon socket.
[    6.078967] systemd[1]: Listening on Journal Audit Socket.
[[0;32m  OK  [0m] Listening on Journal Audit Socket.
[    6.080871] systemd[1]: Reached target System Time Synchronized.
[[0;32m  OK  [0m] Reached target System Time Synchronized.
[    6.082958] systemd[1]: Listening on fsck to fsckd communication Socket.
[[0;32m  OK  [0m] Listening on fsck to fsckd communication Socket.
[    6.085383] systemd[1]: Listening on udev Kernel Socket.
[[0;32m  OK  [0m] Listening on udev Kernel Socket.
[    6.087430] systemd[1]: Listening on /dev/initctl Compatibility Named Pipe.
[[0;32m  OK  [0m] Listening on /dev/initctl Compatibility Named Pipe.
[    6.090095] systemd[1]: Reached target User and Group Name Lookups.
[[0;32m  OK  [0m] Reached target User and Group Name Lookups.
[    6.092526] systemd[1]: Listening on Syslog Socket.
[[0;32m  OK  [0m] Listening on Syslog Socket.
[    6.094346] systemd[1]: Listening on LVM2 metadata daemon socket.
[[0;32m  OK  [0m] Listening on LVM2 metadata daemon socket.
[    6.096535] systemd[1]: Listening on udev Control Socket.
[[0;32m  OK  [0m] Listening on udev Control Socket.
[    6.098475] systemd[1]: Started Forward Password Requests to Wall Directory Watch.
[[0;32m  OK  [0m] Started Forward Password Requests to Wall Directory Watch.
[    6.101012] systemd[1]: Reached target Encrypted Volumes.
[[0;32m  OK  [0m] Reached target Encrypted Volumes.
[    6.102855] systemd[1]: Listening on Journal Socket (/dev/log).
[[0;32m  OK  [0m] Listening on Journal Socket (/dev/log).
[    6.105119] systemd[1]: Created slice System Slice.
[[0;32m  OK  [0m] Created slice System Slice.
[    6.107568] systemd[1]: Reached target Slices.
[[0;32m  OK  [0m] Reached target Slices.
[    6.109714] systemd[1]: Listening on Journal Socket.
[[0;32m  OK  [0m] Listening on Journal Socket.
[    6.128137] systemd[1]: Starting Journal Service...
         Starting Journal Service...
[    6.132571] systemd[1]: Mounting POSIX Message Queue File System...
         Mounting POSIX Message Queue File System...
[    6.135973] systemd[1]: Starting Create list of required static device nodes for the current kernel...
         Starting Create list of required st... nodes for the current kernel...
[    6.139917] systemd[1]: Starting File System Check on Root Device...
         Starting File System Check on Root Device...
[    6.147500] systemd[1]: Starting Load Kernel Modules...
         Starting Load Kernel Modules...
[    6.151203] systemd[1]: Starting Set console keymap...
         Starting Set console keymap...
[    6.156616] systemd[1]: Starting Nameserver information manager...
         Starting Nameserver information manager...
[    6.159645] systemd[1]: Starting Uncomplicated firewall...
         Starting Uncomplicated firewall...
[    6.165889] systemd[1]: Mounting Huge Pages File System...
         Mounting Huge Pages File System...
[    6.168609] systemd[1]: Started Trigger resolvconf update for networkd DNS.
[[0;32m  OK  [0m] Started Trigger resolvconf update for networkd DNS.
[    6.170866] systemd[1]: Reached target Swap.
[[0;32m  OK  [0m] Reached target Swap.
[    6.173471] systemd[1]: Mounting Debug File System...
         Mounting Debug File System...
[    6.175496] systemd[1]: Created slice system-serial\x2dgetty.slice.
[[0;32m  OK  [0m] Created slice system-serial\x2dgetty.slice.
[    6.177901] Loading iSCSI transport class v2.0-870.
[    6.180977] systemd[1]: Listening on Device-mapper event daemon FIFOs.
[[0;32m  OK  [0m] Listening on Device-mapper event daemon FIFOs.
[    6.184469] systemd[1]: Starting Monitoring of LVM2 mirrors, snapshots etc. using dmeventd or progress polling...
         [    6.188766] iscsi: registered transport (tcp)
Starting Monitoring of LVM2 mirrors... dmeventd or progress polling...
[    6.192563] systemd[1]: Set up automount Arbitrary Executable File Formats File System Automount Point.
[[0;32m  OK  [0m] Set up automount Arbitrary Executab...ats File System Automount Point.
[    6.199021] systemd[1]: Mounted Huge Pages File System.
[[0;32m  OK  [0m] Mounted Huge Pages File System.
[    6.201413] systemd[1]: Mounted POSIX Message Queue File System.
[[0;32m  OK  [0m] Mounted POSIX Message Queue File System.
[    6.203905] systemd[1]: Mounted Debug File System.
[[0;32m  OK  [0m] Mounted Debug File System.
[    6.207255] systemd[1]: Started Create list of required static device nodes for the current kernel.
[[0;32m  OK  [0m] Started Create list of required sta...ce nodes for the current kernel.
[    6.216959] systemd[1]: Started File System Check on Root Device.
[[0;32m  OK  [0m] Started File System Check on Root Device.
[    6.237038] iscsi: registered transport (iser)
[    6.237661] systemd[1]: Started Uncomplicated firewall.
[[0;32m  OK  [0m] Started Uncomplicated firewall.
[    6.241553] systemd[1]: Started Load Kernel Modules.
[[0;32m  OK  [0m] Started Load Kernel Modules.
[    6.246159] systemd[1]: Started Nameserver information manager.
[[0;32m  OK  [0m] Started Nameserver information manager.
[    6.250583] systemd[1]: Started Journal Service.
[[0;32m  OK  [0m] Started Journal Service.
[[0;32m  OK  [0m] Started LVM2 metadata daemon.
[[0;32m  OK  [0m] Started File System Check Daemon to report status.
         Mounting FUSE Control File System...
         Starting Apply Kernel Variables...
         Starting Remount Root and Kernel File Systems...
         Starting Create Static Device Nodes in /dev...
[[0;32m  OK  [0m] Mounted FUSE Control File System.
[    6.273753] EXT4-fs (sda1): re-mounted. Opts: (null)
[[0;32m  OK  [0m] Started Remount Root and Kernel File Systems.
         Starting udev Coldplug all Devices...
         Starting Flush Journal to Persistent Storage...
         Starting Load/Save Random Seed...
[[0;32m  OK  [0m] Started Set console keymap.
[[0;32m  OK  [0m] Started Apply Kernel Variables.
[[0;32m  OK  [0m] Started Load/Save Random Seed.
[[0;32m  OK  [0m] Started Flush Journal to Persistent Storage.
[[0;32m  OK  [0m] Started Create Static Device Nodes in /dev.
         Starting udev Kernel Device Manager...
[[0;32m  OK  [0m] Started udev Coldplug all Devices.
[[0;32m  OK  [0m] Started udev Kernel Device Manager.
[[0;32m  OK  [0m] Started Dispatch Password Requests to Console Directory Watch.
[[0;32m  OK  [0m] Started Monitoring of LVM2 mirrors,...ng dmeventd or progress polling.
[[0;32m  OK  [0m] Reached target Local File Systems (Pre).
[[0;32m  OK  [0m] Reached target Local File Systems.
         Starting Set console font and keymap...
         Starting LSB: AppArmor initialization...
         Starting Tell Plymouth To Write Out Runtime Data...
         Starting Commit a transient machine-id on disk...
         Starting Create Volatile Files and Directories...
         Starting Initial cloud-init job (pre-networking)...
[[0;32m  OK  [0m] Started Tell Plymouth To Write Out Runtime Data.
[[0;32m  OK  [0m] Found device /dev/ttyS0.
[[0;32m  OK  [0m] Started Create Volatile Files and Directories.
         Starting Update UTMP about System Boot/Shutdown...
[[0;32m  OK  [0m] Started Commit a transient machine-id on disk.
[[0;32m  OK  [0m] Started Update UTMP about System Boot/Shutdown.
[[0;32m  OK  [0m] Listening on Load/Save RF Kill Switch Status /dev/rfkill Watch.
[    7.671126] cloud-init[520]: Cloud-init v. 21.1-19-gbad84ad4-0ubuntu1~16.04.2 running 'init-local' at Fri, 18 Mar 2022 09:00:06 +0000. Up 7.21 seconds.
[[0;32m  OK  [0m] Started LSB: AppArmor initialization.
[[0;32m  OK  [0m] Started Initial cloud-init job (pre-networking).
[[0;32m  OK  [0m] Started Set console font and keymap.
[[0;32m  OK  [0m] Created slice system-getty.slice.
[[0;32m  OK  [0m] Reached target Network (Pre).
         Starting Load AppArmor profiles managed internally by snapd...
         Starting Raise network interfaces...
[[0;32m  OK  [0m] Started Load AppArmor profiles managed internally by snapd.
[[0;32m  OK  [0m] Started Raise network interfaces.
[[0;32m  OK  [0m] Reached target Network.
         Starting Initial cloud-init job (metadata service crawler)...
[    8.817744] cloud-init[959]: Cloud-init v. 21.1-19-gbad84ad4-0ubuntu1~16.04.2 running 'init' at Fri, 18 Mar 2022 09:00:07 +0000. Up 8.28 seconds.
[    8.820141] cloud-init[959]: ci-info: ++++++++++++++++++++++++++++++++++++++Net device info+++++++++++++++++++++++++++++++++++++++
[    8.822645] cloud-init[959]: ci-info: +--------+-------+----------------------------+---------------+--------+-------------------+
[    8.824523] cloud-init[959]: ci-info: | Device |   Up  |          Address           |      Mask     | Scope  |     Hw-Address    |
[    8.826371] cloud-init[959]: ci-info: +--------+-------+----------------------------+---------------+--------+-------------------+
[    8.828365] cloud-init[959]: ci-info: | enp0s3 |  True |         10.0.2.15          | 255.255.255.0 | global | 02:be:82:6b:cc:1d |
[    8.830618] cloud-init[959]: ci-info: | enp0s3 |  True | fe80::be:82ff:fe6b:cc1d/64 |       .       |  link  | 02:be:82:6b:cc:1d |
[    8.832783] cloud-init[959]: ci-info: | enp0s8 | False |             .              |       .       |   .    | 08:00:27:9e:10:06 |
[    8.840578] cloud-init[959]: ci-info: |   lo   |  True |         127.0.0.1          |   255.0.0.0   |  host  |         .         |
[    8.842686] cloud-init[959]: ci-info: |   lo   |  True |          ::1/128           |       .       |  host  |         .         |
[    8.845165] cloud-init[959]: ci-info: +--------+-------+----------------------------+---------------+--------+-------------------+
[    8.848001] cloud-init[959]: ci-info: +++++++++++++++++++++++++++Route IPv4 info++++++++++++++++++++++++++++
[    8.850007] cloud-init[959]: ci-info: +-------+-------------+----------+---------------+-----------+-------+
[    8.851881] cloud-init[959]: ci-info: | Route | Destination | Gateway  |    Genmask    | Interface | Flags |
[    8.854030] cloud-init[959]: ci-info: +-------+-------------+----------+---------------+-----------+-------+
[    8.856175] cloud-init[959]: ci-info: |   0   |   0.0.0.0   | 10.0.2.2 |    0.0.0.0    |   enp0s3  |   UG  |
[    8.858077] cloud-init[959]: ci-info: |   1   |   10.0.2.0  | 0.0.0.0  | 255.255.255.0 |   enp0s3  |   U   |
[    8.859613] cloud-init[959]: ci-info: +-------+-------------+----------+---------------+-----------+-------+
[    8.861113] cloud-init[959]: ci-info: +++++++++++++++++++Route IPv6 info+++++++++++++++++++
[    8.862477] cloud-init[959]: ci-info: +-------+-------------+---------+-----------+-------+
[    8.863754] cloud-init[959]: ci-info: | Route | Destination | Gateway | Interface | Flags |
[    8.865089] cloud-init[959]: ci-info: +-------+-------------+---------+-----------+-------+
[    8.866409] cloud-init[959]: ci-info: |   0   |  fe80::/64  |    ::   |   enp0s3  |   U   |
[    8.867795] cloud-init[959]: ci-info: |   3   |   ff00::/8  |    ::   |   enp0s3  |   U   |
[    8.869105] cloud-init[959]: ci-info: +-------+-------------+---------+-----------+-------+
[    8.870489] cloud-init[959]: Generating public/private rsa key pair.
[    8.871737] cloud-init[959]: Your identification has been saved in /etc/ssh/ssh_host_rsa_key.
[    8.873345] cloud-init[959]: Your public key has been saved in /etc/ssh/ssh_host_rsa_key.pub.
[    8.874959] cloud-init[959]: The key fingerprint is:
[    8.876298] cloud-init[959]: SHA256:TtiyfjxNOJjVqoguuAHU5kH1ppmTfpkiu8R4x2Bepzo root@ubuntu-xenial
[    8.877985] cloud-init[959]: The key's randomart image is:
[    8.879267] cloud-init[959]: +---[RSA 2048]----+
[    8.880228] cloud-init[959]: |   ...           |
[    8.881744] cloud-init[959]: |  o   .          |
[    8.882948] cloud-init[959]: | . +   o .       |
[    8.883941] cloud-init[959]: |. o . *o. .      |
[    8.884983] cloud-init[959]: |.  + Bo=So       |
[    8.885937] cloud-init[959]: |. = = *=* .      |
[    8.887679] cloud-init[959]: |o. B B.*.+       |
[    8.889124] cloud-init[959]: |o.+E*.+ + .      |
[    8.890383] cloud-init[959]: |.+.+o .. .       |
[    8.891421] cloud-init[959]: +----[SHA256]-----+
[    8.892420] cloud-init[959]: Generating public/private dsa key pair.
[    8.893740] cloud-init[959]: Your identification has been saved in /etc/ssh/ssh_host_dsa_key.
[    8.895201] cloud-init[959]: Your public key has been saved in /etc/ssh/ssh_host_dsa_key.pub.
[    8.901107] cloud-init[959]: The key fingerprint is:
[    8.902360] cloud-init[959]: SHA256:5iW6okQx+tVen0mbRzMmdzC8s16+S4N8LGQyqPaA670 root@ubuntu-xenial
[    8.903975] cloud-init[959]: The key's randomart image is:
[    8.905161] cloud-init[959]: +---[DSA 1024]----+
[    8.906212] cloud-init[959]: |                 |
[    8.907269] cloud-init[959]: |           .     |
[    8.908275] cloud-init[959]: |  o         +    |
[    8.909255] cloud-init[959]: | . o .   .   +   |
[    8.910197] cloud-init[959]: |. . . . S * @ .  |
[    8.911108] cloud-init[959]: | o . o * = / O   |
[    8.912056] cloud-init[959]: |  o . * . * * *  |
[    8.913072] cloud-init[959]: | .  .+ +   o * . |
[    8.914014] cloud-init[959]: |  .oo.E..   . +o |
[    8.915014] cloud-init[959]: +----[SHA256]-----+
[    8.915968] cloud-init[959]: Generating public/private ecdsa key pair.
[    8.917429] cloud-init[959]: Your identification has been saved in /etc/ssh/ssh_host_ecdsa_key.
[    8.919491] cloud-init[959]: Your public key has been saved in /etc/ssh/ssh_host_ecdsa_key.pub.
[    8.921195] cloud-init[959]: The key fingerprint is:
[    8.922469] cloud-init[959]: SHA256:jO/XYHtfBqAbKzcfewIf/kFE0QYz95Z+eO1Tc+cLYzE root@ubuntu-xenial
[    8.923966] cloud-init[959]: The key's randomart image is:
[    8.925179] cloud-init[959]: +---[ECDSA 256]---+
[    8.926222] cloud-init[959]: |              *+.|
[    8.927239] cloud-init[959]: |             . +=|
[    8.928243] cloud-init[959]: |            . .oo|
[    8.937448] cloud-init[959]: |       o   . o.o.|
[    8.945034] [[0;32m  OK  [0m] Started Initial cloud-init job (metadata service crawler).
[[0;32m  OK  [0m] Reached target Cloud-config availability.
[[0;32m  OK  [0m] Reached target Network is Online.
cloud-init[959]: |      . S o  E+oB|
[    8.948922] cloud-init[959]: |       .  ++..o=*|
[    8.950426] cloud-init[959]: |        o.=B.=..=|
[    8.951887] cloud-init[959]: |       . oooBo++o|
[    8.953359] cloud-init[959]: |        .. .o=o. |
[    8.954701] cloud-init[959]: +----[SHA256]-----+
[    8.956113] cloud-init[959]: Generating public/private ed25519 key pair.
[    8.957602] cloud-init[959]: Your identification has been saved in /etc/ssh/ssh_host_ed25519_key.
[    8.959180] cloud-init[959]: Your public key has been saved in /etc/ssh/ssh_host_ed25519_key.pub.
[    8.960584] cloud-init[959]: The key fingerprint is:
[    8.961533] cloud-init[959]: SHA256:Bs/FabkmehdPZhk3P1/rzSROBR9plQg76HnG/uVLR5Q root@ubuntu-xenial
[    8.962827] cloud-init[959]: The key's randomart image is:
[    8.963860] cloud-init[959]: +--[ED25519 256]--+         Starting iSCSI initiator daemon (iscsid)...
[[0;32m  OK  [0m] Reached target System Initialization.

[    8.965841]          Starting LXD - unix socket.
[[0;32m  OK  [0m] Started Daily apt download activities.
[[0;32m  OK  [0m] Started Daily apt upgrade and clean activities.
[[0;32m  OK  [0m] Listening on UUID daemon activation socket.
[[0;32m  OK  [0m] Listening on D-Bus System Message Bus Socket.
[[0;32m  OK  [0m] Started Daily Cleanup of Temporary Directories.
[[0;32m  OK  [0m] Started Ubuntu Advantage update messaging.
         Starting Socket activation for snappy daemon.
[[0;32m  OK  [0m] Listening on ACPID Listen Socket.
[[0;32m  OK  [0m] Started Message of the Day.
[[0;32m  OK  [0m] Reached target Timers.
cloud-init[959]: |           .. . o|
[    8.974642] cloud-init[[0;32m  OK  [0m] Started ACPI Events Check.
[[0;32m  OK  [0m] Reached target Paths.
[[0;32m  OK  [0m] Listening on LXD - unix socket.
[[0;32m  OK  [0m] Listening on Socket activation for snappy daemon.
[959]: |         ..o.. .+|
[    8.978233] [[0;32m  OK  [0m] Reached target Sockets.
[[0;32m  OK  [0m] Reached target Basic System.
cloud-init[959]: |      .  .*o. +E.|
[    8.980343] cloud-init         Starting /etc/rc.local Compatibility...
[959]: |       +.oo..+.*.|[[0;32m  OK  [0m] Started FUSE filesystem for LXC.

[    8.982930]          Starting LSB: MD monitoring daemon...
cloud-init[959]: |        So++=  .*|
         [    8.984482] cloud-init[959]: |       o o+*   o=|Starting Login Service...
         Starting System Logging Service...
[[0;32m  OK  [0m] Started ACPI event daemon.
[[0;32m  OK  [0m] Started Regular background program processing daemon.
         Starting Pollinate to seed the pseudo random number generator...
         Starting LSB: Record successful boot for GRUB...
[[0;32m  OK  [0m] Started Deferred execution scheduler.

[[0;32m  OK  [0m] Started D-Bus System Message Bus.[    9.002723] cloud-init[959]: |      . . ... o++|
[    9.003069] cloud-init[959]: |       . .  .o=+o|
[    9.003992] cloud-init[959]: |             ..++|
[    9.004498] cloud-init[959]: +----[SHA256]-----+

         Starting Accounts Service...
         Starting Snap Daemon...
         Starting Virtualbox guest utils...
         Starting LXD - container startup/shutdown...
[[0;32m  OK  [0m] Started System Logging Service.
[[0;32m  OK  [0m] Started /etc/rc.local Compatibility.
[[0;32m  OK  [0m] Started Login Service.
[[0;32m  OK  [0m] Started Unattended Upgrades Shutdown.
[[0;32m  OK  [0m] Started LSB: MD monitoring daemon.
[[0;32m  OK  [0m] Started LSB: Record successful boot for GRUB.
[[0;32m  OK  [0m] Started iSCSI initiator daemon (iscsid).
         Starting Login to default iSCSI targets...
[[0;32m  OK  [0m] Started Login to default iSCSI targets.
[[0;32m  OK  [0m] Reached target Remote File Systems (Pre).
[[0;32m  OK  [0m] Reached target Remote File Systems.
         Starting LSB: Set the CPU Frequency Scaling governor to "ondemand"...
         Starting Permit User Sessions...
         Starting LSB: daemon to balance interrupts for SMP systems...
         Starting LSB: automatic crash report generation...
[[0;32m  OK  [0m] Started Permit User Sessions.
         Starting Terminate Plymouth Boot Screen...
         Starting Hold until boot process finishes up...
[[0;32m  OK  [0m] Started Terminate Plymouth Boot Screen.
[[0;32m  OK  [0m] Started Hold until boot process finishes up.
[[0;32m  OK  [0m] Started Getty on tty1.
[[0;32m  OK  [0m] Started Serial Getty on ttyS0.
[[0;32m  OK  [0m] Reached target Login Prompts.
         Starting Set console scheme...
[[0;32m  OK  [0m] Started LSB: Set the CPU Frequency Scaling governor to "ondemand".
[[0;32m  OK  [0m] Started Set console scheme.
         Starting Authenticate and Authorize Users to Run Privileged Tasks...
[[0;32m  OK  [0m] Started LSB: daemon to balance interrupts for SMP systems.
[[0;32m  OK  [0m] Started LSB: automatic crash report generation.
[[0;32m  OK  [0m] Started LXD - container startup/shutdown.
[[0;32m  OK  [0m] Started Authenticate and Authorize Users to Run Privileged Tasks.
[[0;32m  OK  [0m] Started Accounts Service.
[[0;32m  OK  [0m] Started Virtualbox guest utils.
[[0;32m  OK  [0m] Started Snap Daemon.
         Starting Wait until snapd is fully seeded...
[[0;32m  OK  [0m] Started Pollinate to seed the pseudo random number generator.
         Starting OpenBSD Secure Shell server...
[[0;32m  OK  [0m] Started Wait until snapd is fully seeded.
         Starting Apply the settings specified in cloud-config...
[[0;32m  OK  [0m] Started OpenBSD Secure Shell server.
[[0;32m  OK  [0m] Reached target Multi-User System.
[[0;32m  OK  [0m] Reached target Graphical Interface.
         Starting Update UTMP about System Runlevel Changes...
[[0;32m  OK  [0m] Started Update UTMP about System Runlevel Changes.
[   10.001984] cloud-init[1308]: Generating locales (this might take a while)...
[   10.728677] cloud-init[1308]:   en_US.UTF-8... done
[   10.730990] cloud-init[1308]: Generation complete.
[   11.086991] cloud-init[1308]: Cloud-init v. 21.1-19-gbad84ad4-0ubuntu1~16.04.2 running 'modules:config' at Fri, 18 Mar 2022 09:00:09 +0000. Up 9.88 seconds.
[[0;32m  OK  [0m] Started Apply the settings specified in cloud-config.
         Starting Execute cloud user/final scripts...
ci-info: no authorized SSH keys fingerprints found for user ubuntu.
<14>Mar 18 09:00:11 ec2: 
<14>Mar 18 09:00:11 ec2: #############################################################
<14>Mar 18 09:00:11 ec2: -----BEGIN SSH HOST KEY FINGERPRINTS-----
<14>Mar 18 09:00:11 ec2: 1024 SHA256:5iW6okQx+tVen0mbRzMmdzC8s16+S4N8LGQyqPaA670 root@ubuntu-xenial (DSA)
<14>Mar 18 09:00:11 ec2: 256 SHA256:jO/XYHtfBqAbKzcfewIf/kFE0QYz95Z+eO1Tc+cLYzE root@ubuntu-xenial (ECDSA)
<14>Mar 18 09:00:11 ec2: 256 SHA256:Bs/FabkmehdPZhk3P1/rzSROBR9plQg76HnG/uVLR5Q root@ubuntu-xenial (ED25519)
<14>Mar 18 09:00:11 ec2: 2048 SHA256:TtiyfjxNOJjVqoguuAHU5kH1ppmTfpkiu8R4x2Bepzo root@ubuntu-xenial (RSA)
<14>Mar 18 09:00:11 ec2: -----END SSH HOST KEY FINGERPRINTS-----
<14>Mar 18 09:00:11 ec2: #############################################################
-----BEGIN SSH HOST KEY KEYS-----
ecdsa-sha2-nistp256 AAAAE2VjZHNhLXNoYTItbmlzdHAyNTYAAAAIbmlzdHAyNTYAAABBBGhYKy+Ck0lvKEJAKX2j4eJMBXSWNzsfz0PzbceZQ69eN/0B5i8juCvDIqlGoQNgTrzdzknu65OayWML5Gxn9ck= root@ubuntu-xenial
ssh-ed25519 AAAAC3NzaC1lZDI1NTE5AAAAIKYFl8GBnvhW8lD6CIpB37znUduSLc0HGQQ2KH++Hrd6 root@ubuntu-xenial
ssh-rsa AAAAB3NzaC1yc2EAAAADAQABAAABAQDYXE610raaYm+qfFEMTEqckO6PrVkZpZ2Z7aLfvzW6lIZwH0Trd44yyGJzZx41XXM/exfZ6AjwTULwA9GQpOK1WHencHYHZKTTh7t+18L2D4cHY1iJ3MPIpChGONh3v82ijv8i6yx8KxZ48cWcpFQ7679t61+aBIlzGODTgg/cPObYV17P3oBoQJZCAc/63BQg1IVuIfGUuVeix5mi8+zny4oVFvw9Pe3Z1FjSQwx4LSy5o4boEdSe4xHqrEixwg5nM01QmblueebRQL/e5c51TWEJLHs4QfUhDJqmELykzLaOEl+V90iqxmbDv6XL9fPIGKgqgRZa00R97MAxmySd root@ubuntu-xenial
-----END SSH HOST KEY KEYS-----
[   11.624947] cloud-init[1351]: Cloud-init v. 21.1-19-gbad84ad4-0ubuntu1~16.04.2 running 'modules:final' at Fri, 18 Mar 2022 09:00:11 +0000. Up 11.45 seconds.
[   11.626923] cloud-init[1351]: ci-info: no authorized SSH keys fingerprints found for user ubuntu.
[   11.628536] cloud-init[1351]: Cloud-init v. 21.1-19-gbad84ad4-0ubuntu1~16.04.2 finished at Fri, 18 Mar 2022 09:00:11 +0000. Datasource DataSourceNoCloud [seed=/dev/sdb][dsmode=net].  Up 11.61 seconds
[[0;32m  OK  [0m] Started Execute cloud user/final scripts.
[[0;32m  OK  [0m] Reached target Cloud-init target.

Ubuntu 16.04.7 LTS ubuntu-xenial ttyS0

ubuntu-xenial login:          Stopping Authenticate and Authorize Users to Run Privileged Tasks...
[[0;32m  OK  [0m] Stopped target Graphical Interface.
[[0;32m  OK  [0m] Stopped target Timers.
         Stopping User Manager for UID 1000...
[[0;32m  OK  [0m] Stopped Message of the Day.
[[0;32m  OK  [0m] Stopped Ubuntu Advantage update messaging.
[[0;32m  OK  [0m] Stopped target Cloud-init targe         Stopping Authenticate and Authorize Users to Run Privileged Tasks...
         Stopping ACPI event daemon...
         Stopping User Manager for UID 1000...
[[0;32m  OK  [0m] Closed Load/Save RF Kill Switch Status /dev/rfkill Watch.
[[0;32m  OK  [0m] Stopped target Graphical Interface.
         Stopping Accounts Service...
[[0;32m  OK  [0m] Stopped target Timers.
[[0;32m  OK  [0m] Stopped Ubuntu Advantage update messaging.
[[0;32m  OK  [0m] Stopped Message of the Day.
[[0;32m  OK  [0m] Stopped Daily apt upgrade and clean activities.
[[0;32m  OK  [0m] Stopped Daily apt download activities.
[[0;32m  OK  [0m] Stopped target System Time Synchronized.
[[0;32m  OK  [0m] Stopped Daily Cleanup of Temporary Directories.
[[0;32m  OK  [0m] Stopped target Cloud-init target.
[[0;32m  OK  [0m] Stopped Execute cloud user/final scripts.
[[0;32m  OK  [0m] Stopped target Multi-User System.
         Stopping LSB: automatic crash report generation...
         Stopping System Logging Service...
         Stopping LSB: Record successful boot for GRUB...
[[0;32m  OK  [0m] Stopped target Login Prompts.
         Stopping Serial Getty on ttyS0...
         Stopping LSB: Set the CPU Frequency Scaling governor to "ondemand"...
         Stopping FUSE filesystem for LXC...
         Stopping LSB: MD monitoring daemon...
         Stopping D-Bus System Message Bus...
         Stopping Deferred execution scheduler...
         Stopping Virtualbox guest utils...
         Stopping OpenBSD Secure Shell server...
         Stopping LXD - container startup/shutdown...
         Stopping Regular background program processing daemon...
         Stopping MySQL Community Server...
         Stopping LSB: daemon to balance interrupts for SMP systems...
[[0;32m  OK  [0m] Stopped Apply the settings specified in cloud-config.
[[0;32m  OK  [0m] Stopped target Cloud-config availability.
[[0;32m  OK  [0m] Stopped Wait until snapd is fully seeded.
         Stopping Getty on tty1...
         Stopping Session 3 of user vagrant.
[[0;32m  OK  [0m] Unmounted /var/lib/lxcfs.
[[0;32m  OK  [0m] Stopped Regular background program processing daemon.
[[0;32m  OK  [0m] Stopped Deferred execution scheduler.
[[0;32m  OK  [0m] Stopped ACPI event daemon.
[[0;32m  OK  [0m] Stopped System Logging Service.
[[0;32m  OK  [0m] Stopped Accounts Service.
[[0;32m  OK  [0m] Stopped Authenticate and Authorize Users to Run Privileged Tasks.
[[0;32m  OK  [0m] Stopped Serial Getty on ttyS0.
[[0;32m  OK  [0m] Stopped Getty on tty1.
[[0;32m  OK  [0m] Stopped OpenBSD Secure Shell server.
[[0;32m  OK  [0m] Stopped User Manager for UID 1000.
[[0;32m  OK  [0m] Stopped D-Bus System Message Bus.
[[0;32m  OK  [0m] Stopped Session 3 of user vagrant.
[[0;32m  OK  [0m] Stopped FUSE filesystem for LXC.
[[0;32m  OK  [0m] Stopped LSB: Record successful boot for GRUB.
[[0;32m  OK  [0m] Stopped LSB: Set the CPU Frequency Scaling governor to "ondemand".
[[0;32m  OK  [0m] Stopped LSB: automatic crash report generation.
[[0;32m  OK  [0m] Stopped LSB: MD monitoring daemon.
[[0;32m  OK  [0m] Stopped LXD - container startup/shutdown.
[[0;32m  OK  [0m] Stopped Virtualbox guest utils.
[[0;32m  OK  [0m] Removed slice User Slice of vagrant.
         Stopping Login Service...
[[0;32m  OK  [0m] Removed slice system-getty.slice.
[[0;32m  OK  [0m] Stopped /etc/rc.local Compatibility.
[[0;32m  OK  [0m] Removed slice system-serial\x2dgetty.slice.
         Stopping Permit User Sessions...
[[0;32m  OK  [0m] Stopped LSB: daemon to balance interrupts for SMP systems.
[[0;32m  OK  [0m] Stopped Permit User Sessions.
[[0;32m  OK  [0m] Stopped target Remote File Systems.
         Unmounting /vagrant...
[[0;32m  OK  [0m] Unmounted /vagrant.
[[0;32m  OK  [0m] Stopped target Remote File Systems (Pre).
         Stopping Login to default iSCSI targets...
[[0;32m  OK  [0m] Stopped Login to default iSCSI targets.
         Stopping iSCSI initiator daemon (iscsid)...
[[0;32m  OK  [0m] Stopped iSCSI initiator daemon (iscsid).
[[0;32m  OK  [0m] Stopped target Network is Online.
[[0;32m  OK  [0m] Stopped Login Service.
[[0;32m  OK  [0m] Stopped target User and Group Name Lookups.
[[0;32m  OK  [0m] Stopped MySQL Community Server.
[[0;32m  OK  [0m] Stopped target Basic System.
[[0;32m  OK  [0m] Stopped target Paths.
[[0;32m  OK  [0m] Stopped Forward Password Requests to Wall Directory Watch.
[[0;32m  OK  [0m] Stopped ACPI Events Check.
[[0;32m  OK  [0m] Stopped Dispatch Password Requests to Console Directory Watch.
[[0;32m  OK  [0m] Stopped target Slices.
[[0;32m  OK  [0m] Removed slice User and Session Slice.
[[0;32m  OK  [0m] Stopped target Sockets.
[[0;32m  OK  [0m] Closed Syslog Socket.
[[0;32m  OK  [0m] Closed LXD - unix socket.
[[0;32m  OK  [0m] Closed UUID daemon activation socket.
[[0;32m  OK  [0m] Closed Socket activation for snappy daemon.
[[0;32m  OK  [0m] Closed D-Bus System Message Bus Socket.
[[0;32m  OK  [0m] Closed ACPID Listen Socket.
[[0;32m  OK  [0m] Stopped target System Initialization.
[[0;32m  OK  [0m] Stopped Create Volatile Files and Directories.
         Stopping Load/Save Random Seed...
[[0;32m  OK  [0m] Stopped target Encrypted Volumes.
[[0;32m  OK  [0m] Stopped target Swap.
[[0;32m  OK  [0m] Stopped Initial cloud-init job (metadata service crawler).
[[0;32m  OK  [0m] Stopped Commit a transient machine-id on disk.
[[0;32m  OK  [0m] Stopped target Network.
         Stopping Raise network interfaces...
[[0;32m  OK  [0m] Stopped Load/Save Random Seed.
[[0;32m  OK  [0m] Stopped Raise network interfaces.
[[0;32m  OK  [0m] Stopped Apply Kernel Variables.
[[0;32m  OK  [0m] Stopped Load Kernel Modules.
[[0;32m  OK  [0m] Stopped target Local File Systems.
         Unmounting /run/user/1000...
[[0;32m  OK  [0m] Stopped target Network (Pre).
[[0;32m  OK  [0m] Stopped Initial cloud-init job (pre-networking).
[[0;32m  OK  [0m] Unmounted /run/user/1000.
[[0;32m  OK  [0m] Reached target Unmount All Filesystems.
[[0;32m  OK  [0m] Stopped target Local File Systems (Pre).
[[0;32m  OK  [0m] Stopped Remount Root and Kernel File Systems.
         Stopping Monitoring of LVM2 mirrors... dmeventd or progress polling...
[[0;32m  OK  [0m] Stopped Create Static Device Nodes in /dev.
[[0;32m  OK  [0m] Reached target Shutdown.
[  262.810303] reboot: Power down
