[    0.000000] Initializing cgroup subsys cpuset
[    0.000000] Initializing cgroup subsys cpu
[    0.000000] Initializing cgroup subsys cpuacct
[    0.000000] Linux version 4.4.0-210-generic (buildd@lgw01-amd64-009) (gcc version 5.4.0 20160609 (Ubuntu 5.4.0-6ubuntu1~16.04.12) ) #242-Ubuntu SMP Fri Apr 16 09:57:56 UTC 2021 (Ubuntu 4.4.0-210.242-generic 4.4.262)
[    0.000000] Command line: BOOT_IMAGE=/boot/vmlinuz-4.4.0-210-generic root=LABEL=cloudimg-rootfs ro console=tty1 console=ttyS0
[    0.000000] KERNEL supported cpus:
[    0.000000]   Intel GenuineIntel
[    0.000000]   AMD AuthenticAMD
[    0.000000]   Centaur CentaurHauls
[    0.000000] [Firmware Bug]: TSC doesn't count with P0 frequency!
[    0.000000] x86/fpu: xstate_offset[2]:  576, xstate_sizes[2]:  256
[    0.000000] x86/fpu: Supporting XSAVE feature 0x01: 'x87 floating point registers'
[    0.000000] x86/fpu: Supporting XSAVE feature 0x02: 'SSE registers'
[    0.000000] x86/fpu: Supporting XSAVE feature 0x04: 'AVX registers'
[    0.000000] x86/fpu: Enabled xstate features 0x7, context size is 832 bytes, using 'standard' format.
[    0.000000] e820: BIOS-provided physical RAM map:
[    0.000000] BIOS-e820: [mem 0x0000000000000000-0x000000000009fbff] usable
[    0.000000] BIOS-e820: [mem 0x000000000009fc00-0x000000000009ffff] reserved
[    0.000000] BIOS-e820: [mem 0x00000000000f0000-0x00000000000fffff] reserved
[    0.000000] BIOS-e820: [mem 0x0000000000100000-0x000000003ffeffff] usable
[    0.000000] BIOS-e820: [mem 0x000000003fff0000-0x000000003fffffff] ACPI data
[    0.000000] BIOS-e820: [mem 0x00000000fec00000-0x00000000fec00fff] reserved
[    0.000000] BIOS-e820: [mem 0x00000000fee00000-0x00000000fee00fff] reserved
[    0.000000] BIOS-e820: [mem 0x00000000fffc0000-0x00000000ffffffff] reserved
[    0.000000] NX (Execute Disable) protection: active
[    0.000000] SMBIOS 2.5 present.
[    0.000000] Hypervisor detected: KVM
[    0.000000] Kernel/User page tables isolation: disabled
[    0.000000] e820: last_pfn = 0x3fff0 max_arch_pfn = 0x400000000
[    0.000000] MTRR: Disabled
[    0.000000] x86/PAT: MTRRs disabled, skipping PAT initialization too.
[    0.000000] CPU MTRRs all blank - virtualized system.
[    0.000000] x86/PAT: Configuration [0-7]: WB  WT  UC- UC  WB  WT  UC- UC  
[    0.000000] found SMP MP-table at [mem 0x0009fff0-0x0009ffff] mapped at [ffff88000009fff0]
[    0.000000] Scanning 1 areas for low memory corruption
[    0.000000] RAMDISK: [mem 0x362dc000-0x37165fff]
[    0.000000] ACPI: Early table checksum verification disabled
[    0.000000] ACPI: RSDP 0x00000000000E0000 000024 (v02 VBOX  )
[    0.000000] ACPI: XSDT 0x000000003FFF0030 00003C (v01 VBOX   VBOXXSDT 00000001 ASL  00000061)
[    0.000000] ACPI: FACP 0x000000003FFF00F0 0000F4 (v04 VBOX   VBOXFACP 00000001 ASL  00000061)
[    0.000000] ACPI: DSDT 0x000000003FFF0470 002325 (v02 VBOX   VBOXBIOS 00000002 INTL 20100528)
[    0.000000] ACPI: FACS 0x000000003FFF0200 000040
[    0.000000] ACPI: FACS 0x000000003FFF0200 000040
[    0.000000] ACPI: APIC 0x000000003FFF0240 00005C (v02 VBOX   VBOXAPIC 00000001 ASL  00000061)
[    0.000000] ACPI: SSDT 0x000000003FFF02A0 0001CC (v01 VBOX   VBOXCPUT 00000002 INTL 20100528)
[    0.000000] No NUMA configuration found
[    0.000000] Faking a node at [mem 0x0000000000000000-0x000000003ffeffff]
[    0.000000] NODE_DATA(0) allocated [mem 0x3ffeb000-0x3ffeffff]
[    0.000000] kvm-clock: Using msrs 4b564d01 and 4b564d00
[    0.000000] kvm-clock: cpu 0, msr 0:3ffe3001, primary cpu clock
[    0.000000] kvm-clock: using sched offset of 3297835576 cycles
[    0.000000] clocksource: kvm-clock: mask: 0xffffffffffffffff max_cycles: 0x1cd42e4dffb, max_idle_ns: 881590591483 ns
[    0.000000] Zone ranges:
[    0.000000]   DMA      [mem 0x0000000000001000-0x0000000000ffffff]
[    0.000000]   DMA32    [mem 0x0000000001000000-0x000000003ffeffff]
[    0.000000]   Normal   empty
[    0.000000]   Device   empty
[    0.000000] Movable zone start for each node
[    0.000000] Early memory node ranges
[    0.000000]   node   0: [mem 0x0000000000001000-0x000000000009efff]
[    0.000000]   node   0: [mem 0x0000000000100000-0x000000003ffeffff]
[    0.000000] Initmem setup node 0 [mem 0x0000000000001000-0x000000003ffeffff]
[    0.000000] ACPI: PM-Timer IO Port: 0x4008
[    0.000000] IOAPIC[0]: apic_id 2, version 32, address 0xfec00000, GSI 0-23
[    0.000000] ACPI: INT_SRC_OVR (bus 0 bus_irq 0 global_irq 2 dfl dfl)
[    0.000000] ACPI: INT_SRC_OVR (bus 0 bus_irq 9 global_irq 9 low level)
[    0.000000] Using ACPI (MADT) for SMP configuration information
[    0.000000] smpboot: Allowing 2 CPUs, 0 hotplug CPUs
[    0.000000] PM: Registered nosave memory: [mem 0x00000000-0x00000fff]
[    0.000000] PM: Registered nosave memory: [mem 0x0009f000-0x0009ffff]
[    0.000000] PM: Registered nosave memory: [mem 0x000a0000-0x000effff]
[    0.000000] PM: Registered nosave memory: [mem 0x000f0000-0x000fffff]
[    0.000000] e820: [mem 0x40000000-0xfebfffff] available for PCI devices
[    0.000000] Booting paravirtualized kernel on KVM
[    0.000000] clocksource: refined-jiffies: mask: 0xffffffff max_cycles: 0xffffffff, max_idle_ns: 7645519600211568 ns
[    0.000000] setup_percpu: NR_CPUS:512 nr_cpumask_bits:512 nr_cpu_ids:2 nr_node_ids:1
[    0.000000] PERCPU: Embedded 33 pages/cpu @ffff88003fc00000 s95192 r8192 d31784 u1048576
[    0.000000] Built 1 zonelists in Node order, mobility grouping on.  Total pages: 257912
[    0.000000] Policy zone: DMA32
[    0.000000] Kernel command line: BOOT_IMAGE=/boot/vmlinuz-4.4.0-210-generic root=LABEL=cloudimg-rootfs ro console=tty1 console=ttyS0
[    0.000000] PID hash table entries: 4096 (order: 3, 32768 bytes)
[    0.000000] Memory: 997792K/1048120K available (8644K kernel code, 1332K rwdata, 4044K rodata, 1492K init, 1164K bss, 50328K reserved, 0K cma-reserved)
[    0.000000] SLUB: HWalign=64, Order=0-3, MinObjects=0, CPUs=2, Nodes=1
[    0.000000] Hierarchical RCU implementation.
[    0.000000] 	Build-time adjustment of leaf fanout to 64.
[    0.000000] 	RCU restricting CPUs from NR_CPUS=512 to nr_cpu_ids=2.
[    0.000000] RCU: Adjusting geometry for rcu_fanout_leaf=64, nr_cpu_ids=2
[    0.000000] NR_IRQS:33024 nr_irqs:440 16
[    0.000000] Console: colour VGA+ 80x25
[    0.000000] console [tty1] enabled
[    0.000000] console [ttyS0] enabled
[    0.000000] tsc: Detected 2096.056 MHz processor
[    0.139804] Calibrating delay loop (skipped) preset value.. 4192.11 BogoMIPS (lpj=8384224)
[    0.141339] pid_max: default: 32768 minimum: 301
[    0.142159] ACPI: Core revision 20150930
[    0.143841] ACPI: 2 ACPI AML tables successfully acquired and loaded
[    0.145145] Security Framework initialized
[    0.145919] Yama: becoming mindful.
[    0.146606] AppArmor: AppArmor initialized
[    0.147621] Dentry cache hash table entries: 131072 (order: 8, 1048576 bytes)
[    0.149043] Inode-cache hash table entries: 65536 (order: 7, 524288 bytes)
[    0.151743] Mount-cache hash table entries: 2048 (order: 2, 16384 bytes)
[    0.153138] Mountpoint-cache hash table entries: 2048 (order: 2, 16384 bytes)
[    0.154490] Initializing cgroup subsys io
[    0.155244] Initializing cgroup subsys memory
[    0.156025] Initializing cgroup subsys devices
[    0.156834] Initializing cgroup subsys freezer
[    0.157620] Initializing cgroup subsys net_cls
[    0.158470] Initializing cgroup subsys perf_event
[    0.159293] Initializing cgroup subsys net_prio
[    0.160160] Initializing cgroup subsys hugetlb
[    0.161005] Initializing cgroup subsys pids
[    0.173934] mce: CPU supports 0 MCE banks
[    0.174789] Last level iTLB entries: 4KB 1024, 2MB 1024, 4MB 512
[    0.176110] Last level dTLB entries: 4KB 1536, 2MB 1536, 4MB 768, 1GB 0
[    0.177208] Spectre V1 : Mitigation: usercopy/swapgs barriers and __user pointer sanitization
[    0.178679] Spectre V2 : Spectre mitigation: LFENCE not serializing, switching to generic retpoline
[    0.180174] Spectre V2 : Mitigation: Full generic retpoline
[    0.181228] Spectre V2 : Spectre v2 / SpectreRSB mitigation: Filling RSB on context switch
[    0.182655] Speculative Store Bypass: Mitigation: Speculative Store Bypass disabled via prctl and seccomp
[    0.186579] Freeing SMP alternatives memory: 36K
[    0.193129] ftrace: allocating 32380 entries in 127 pages
[    0.255173] smpboot: APIC(0) Converting physical 0 to logical package 0
[    0.256387] smpboot: Max logical packages: 1
[    0.257413] x2apic enabled
[    0.258143] Switched APIC routing to physical x2apic.
[    0.259971] ..TIMER: vector=0x30 apic1=0 pin1=2 apic2=-1 pin2=-1
[    0.369093] smpboot: CPU0: AMD Ryzen 5 3500U with Radeon Vega Mobile Gfx (family: 0x17, model: 0x18, stepping: 0x1)
[    0.372656] Performance Events: Broken PMU hardware detected, using software events only.
[    0.375124] Failed to access perfctr msr (MSR c0010007 is 0)
[    0.384484] KVM setup paravirtual spinlock
[    0.386069] x86: Booting SMP configuration:
[    0.386928] .... node  #0, CPUs:      #1
[    0.387916] kvm-clock: cpu 1, msr 0:3ffe3041, secondary cpu clock
[    0.401366] mce: CPU supports 0 MCE banks
[    0.403934] x86: Booted up 1 node, 2 CPUs
[    0.404883] smpboot: Total of 2 processors activated (8384.22 BogoMIPS)
[    0.406424] devtmpfs: initialized
[    0.409252] evm: security.selinux
[    0.409934] evm: security.SMACK64
[    0.410638] evm: security.SMACK64EXEC
[    0.411397] evm: security.SMACK64TRANSMUTE
[    0.412181] evm: security.SMACK64MMAP
[    0.412902] evm: security.ima
[    0.413513] evm: security.capability
[    0.416040] clocksource: jiffies: mask: 0xffffffff max_cycles: 0xffffffff, max_idle_ns: 7645041785100000 ns
[    0.418683] futex hash table entries: 512 (order: 3, 32768 bytes)
[    0.420143] pinctrl core: initialized pinctrl subsystem
[    0.421377] RTC time:  8:24:18, date: 03/18/22
[    0.422745] NET: Registered protocol family 16
[    0.434957] cpuidle: using governor ladder
[    0.446661] cpuidle: using governor menu
[    0.447573] PCCT header not found.
[    0.448790] ACPI: bus type PCI registered
[    0.449693] acpiphp: ACPI Hot Plug PCI Controller Driver version: 0.5
[    0.451103] PCI: Using configuration type 1 for base access
[    0.452266] PCI: Using configuration type 1 for extended access
[    0.467014] ACPI: Added _OSI(Module Device)
[    0.467987] ACPI: Added _OSI(Processor Device)
[    0.469020] ACPI: Added _OSI(3.0 _SCP Extensions)
[    0.470057] ACPI: Added _OSI(Processor Aggregator Device)
[    0.471824] ACPI: Executed 1 blocks of module-level executable AML code
[    0.475574] ACPI: Interpreter enabled
[    0.476548] ACPI: (supports S0 S5)
[    0.477397] ACPI: Using IOAPIC for interrupt routing
[    0.478646] PCI: Using host bridge windows from ACPI; if necessary, use "pci=nocrs" and report a bug
[    0.483386] ACPI: PCI Root Bridge [PCI0] (domain 0000 [bus 00-ff])
[    0.484401] acpi PNP0A03:00: _OSC: OS supports [ExtendedConfig ASPM ClockPM Segments MSI]
[    0.486478] acpi PNP0A03:00: _OSC: platform does not support [PCIeCapability]
[    0.487910] acpi PNP0A03:00: _OSC: not requesting control; platform does not support [PCIeCapability]
[    0.489483] acpi PNP0A03:00: _OSC: OS requested [PCIeHotplug PME AER PCIeCapability]
[    0.491000] acpi PNP0A03:00: _OSC: platform willing to grant [PCIeHotplug PME AER]
[    0.493356] acpi PNP0A03:00: _OSC failed (AE_SUPPORT); disabling ASPM
[    0.495650] PCI host bridge to bus 0000:00
[    0.496840] pci_bus 0000:00: root bus resource [io  0x0000-0x0cf7 window]
[    0.507461] pci_bus 0000:00: root bus resource [io  0x0d00-0xffff window]
[    0.508938] pci_bus 0000:00: root bus resource [mem 0x000a0000-0x000bffff window]
[    0.510962] pci_bus 0000:00: root bus resource [mem 0x40000000-0xfdffffff window]
[    0.512919] pci_bus 0000:00: root bus resource [bus 00-ff]
[    0.515827] pci 0000:00:01.1: legacy IDE quirk: reg 0x10: [io  0x01f0-0x01f7]
[    0.517098] pci 0000:00:01.1: legacy IDE quirk: reg 0x14: [io  0x03f6]
[    0.518116] pci 0000:00:01.1: legacy IDE quirk: reg 0x18: [io  0x0170-0x0177]
[    0.519212] pci 0000:00:01.1: legacy IDE quirk: reg 0x1c: [io  0x0376]
[    0.537554] pci 0000:00:07.0: quirk: [io  0x4000-0x403f] claimed by PIIX4 ACPI
[    0.538923] pci 0000:00:07.0: quirk: [io  0x4100-0x410f] claimed by PIIX4 SMB
[    0.553188] ACPI: PCI Interrupt Link [LNKA] (IRQs 5 9 10 *11)
[    0.555159] ACPI: PCI Interrupt Link [LNKB] (IRQs 5 9 *10 11)
[    0.556633] ACPI: PCI Interrupt Link [LNKC] (IRQs 5 *9 10 11)
[    0.558340] ACPI: PCI Interrupt Link [LNKD] (IRQs 5 9 10 *11)
[    0.559931] ACPI: Enabled 2 GPEs in block 00 to 07
[    0.561215] vgaarb: setting as boot device: PCI:0000:00:02.0
[    0.562231] vgaarb: device added: PCI:0000:00:02.0,decodes=io+mem,owns=io+mem,locks=none
[    0.563624] vgaarb: loaded
[    0.564183] vgaarb: bridge control possible 0000:00:02.0
[    0.565791] SCSI subsystem initialized
[    0.566949] ACPI: bus type USB registered
[    0.568011] usbcore: registered new interface driver usbfs
[    0.569295] usbcore: registered new interface driver hub
[    0.570532] usbcore: registered new device driver usb
[    0.571990] PCI: Using ACPI for IRQ routing
[    0.573450] NetLabel: Initializing
[    0.574340] NetLabel:  domain hash size = 128
[    0.575275] NetLabel:  protocols = UNLABELED CIPSOv4
[    0.576298] NetLabel:  unlabeled traffic allowed by default
[    0.577534] amd_nb: Cannot enumerate AMD northbridges
[    0.578394] clocksource: Switched to clocksource kvm-clock
[    0.586388] AppArmor: AppArmor Filesystem Enabled
[    0.587278] pnp: PnP ACPI init
[    0.588613] pnp: PnP ACPI: found 3 devices
[    0.598730] clocksource: acpi_pm: mask: 0xffffff max_cycles: 0xffffff, max_idle_ns: 2085701024 ns
[    0.600396] NET: Registered protocol family 2
[    0.601399] TCP established hash table entries: 8192 (order: 4, 65536 bytes)
[    0.602554] TCP bind hash table entries: 8192 (order: 5, 131072 bytes)
[    0.603633] TCP: Hash tables configured (established 8192 bind 8192)
[    0.604731] UDP hash table entries: 512 (order: 2, 16384 bytes)
[    0.605752] UDP-Lite hash table entries: 512 (order: 2, 16384 bytes)
[    0.606876] NET: Registered protocol family 1
[    0.607746] pci 0000:00:00.0: Limiting direct PCI/PCI transfers
[    0.608828] pci 0000:00:01.0: Activating ISA DMA hang workarounds
[    0.611338] Unpacking initramfs...
[    0.813636] Freeing initrd memory: 14888K
[    0.814658] clocksource: tsc: mask: 0xffffffffffffffff max_cycles: 0x1e36a2bbceb, max_idle_ns: 440795216620 ns
[    0.816512] platform rtc_cmos: registered platform RTC device (no PNP device found)
[    0.817936] Scanning for low memory corruption every 60 seconds
[    0.819309] audit: initializing netlink subsys (disabled)
[    0.820210] audit: type=2000 audit(1647591864.083:1): initialized
[    0.821367] Initialise system trusted keyring
[    0.822480] HugeTLB registered 2 MB page size, pre-allocated 0 pages
[    0.824355] zbud: loaded
[    0.825551] VFS: Disk quotas dquot_6.6.0
[    0.827104] VFS: Dquot-cache hash table entries: 512 (order 0, 4096 bytes)
[    0.829115] squashfs: version 4.0 (2009/01/31) Phillip Lougher
[    0.830911] fuse init (API version 7.23)
[    0.832950] Key type big_key registered
[    0.833755] Allocating IMA MOK and blacklist keyrings.
[    0.836234] Key type asymmetric registered
[    0.837756] Asymmetric key parser 'x509' registered
[    0.839365] Block layer SCSI generic (bsg) driver version 0.4 loaded (major 249)
[    0.841544] io scheduler noop registered
[    0.842490] io scheduler deadline registered (default)
[    0.843754] io scheduler cfq registered
[    0.844794] pci_hotplug: PCI Hot Plug PCI Core version: 0.5
[    0.845743] pciehp: PCI Express Hot Plug Controller Driver version: 0.4
[    0.847009] ACPI: AC Adapter [AC] (on-line)
[    0.848001] input: Power Button as /devices/LNXSYSTM:00/LNXPWRBN:00/input/input0
[    0.849419] ACPI: Power Button [PWRF]
[    0.850242] input: Sleep Button as /devices/LNXSYSTM:00/LNXSLPBN:00/input/input1
[    0.851613] ACPI: Sleep Button [SLPF]
[    0.852563] GHES: HEST is not enabled!
[    0.853225] ACPI: Battery Slot [BAT0] (battery present)
[    0.854639] Serial: 8250/16550 driver, 32 ports, IRQ sharing enabled
[    0.876757] 00:02: ttyS0 at I/O 0x3f8 (irq = 4, base_baud = 115200) is a 16550A
[    0.881159] Linux agpgart interface v0.103
[    0.884899] loop: module loaded
[    0.886611] scsi host0: ata_piix
[    0.887428] scsi host1: ata_piix
[    0.888192] ata1: PATA max UDMA/33 cmd 0x1f0 ctl 0x3f6 bmdma 0xd000 irq 14
[    0.889341] ata2: PATA max UDMA/33 cmd 0x170 ctl 0x376 bmdma 0xd008 irq 15
[    0.890569] libphy: Fixed MDIO Bus: probed
[    0.891312] tun: Universal TUN/TAP device driver, 1.6
[    0.892896] tun: (C) 1999-2004 Max Krasnyansky <maxk@qualcomm.com>
[    0.894363] PPP generic driver version 2.4.2
[    0.895713] ehci_hcd: USB 2.0 'Enhanced' Host Controller (EHCI) Driver
[    0.896901] ehci-pci: EHCI PCI platform driver
[    0.897762] ehci-platform: EHCI generic platform driver
[    0.898646] ohci_hcd: USB 1.1 'Open' Host Controller (OHCI) Driver
[    0.899646] ohci-pci: OHCI PCI platform driver
[    0.900425] ohci-platform: OHCI generic platform driver
[    0.901297] uhci_hcd: USB Universal Host Controller Interface driver
[    0.902351] i8042: PNP: PS/2 Controller [PNP0303:PS2K,PNP0f03:PS2M] at 0x60,0x64 irq 1,12
[    0.904256] serio: i8042 KBD port at 0x60,0x64 irq 1
[    0.905105] serio: i8042 AUX port at 0x60,0x64 irq 12
[    0.906144] mousedev: PS/2 mouse device common for all mice
[    0.907640] input: AT Translated Set 2 keyboard as /devices/platform/i8042/serio0/input/input2
[    0.909166] rtc_cmos rtc_cmos: rtc core: registered rtc_cmos as rtc0
[    0.910527] rtc_cmos rtc_cmos: alarms up to one day, 114 bytes nvram
[    0.911617] i2c /dev entries driver
[    0.912811] device-mapper: uevent: version 1.0.3
[    0.914385] device-mapper: ioctl: 4.34.0-ioctl (2015-10-28) initialised: dm-devel@redhat.com
[    0.916364] ledtrig-cpu: registered to indicate activity on CPUs
[    0.917988] NET: Registered protocol family 10
[    0.919265] NET: Registered protocol family 17
[    0.920225] Key type dns_resolver registered
[    0.922033] registered taskstats version 1
[    0.922852] Loading compiled-in X.509 certificates
[    0.924178] Loaded X.509 cert 'Build time autogenerated kernel key: cf00e047681d67edb2720680708b7d9498083038'
[    0.925806] zswap: loaded using pool lzo/zbud
[    0.928292] Key type trusted registered
[    0.931991] Key type encrypted registered
[    0.932890] AppArmor: AppArmor sha1 policy hashing enabled
[    0.933880] ima: No TPM chip found, activating TPM-bypass!
[    0.934785] ima: Allocated hash algorithm: sha1
[    0.935564] evm: HMAC attrs: 0x1
[    0.936504]   Magic number: 14:554:422
[    0.937479] rtc_cmos rtc_cmos: setting system clock to 2022-03-18 08:24:19 UTC (1647591859)
[    0.939327] BIOS EDD facility v0.16 2004-Jun-25, 0 devices found
[    0.941259] EDD information not available.
[    1.149371] Freeing unused kernel memory: 1492K
[    1.150774] Write protecting the kernel read-only data: 14336k
[    1.152854] Freeing unused kernel memory: 1584K
[    1.154324] Freeing unused kernel memory: 52K
Loading, please wait...
starting version 229
[    1.168471] random: systemd-udevd: uninitialized urandom read (16 bytes read, 3 bits of entropy available)
[    1.168900] random: udevadm: uninitialized urandom read (16 bytes read, 3 bits of entropy available)
[    1.168922] random: udevadm: uninitialized urandom read (16 bytes read, 3 bits of entropy available)
[    1.173977] random: systemd-udevd: uninitialized urandom read (16 bytes read, 3 bits of entropy available)
[    1.175721] random: systemd-udevd: uninitialized urandom read (16 bytes read, 3 bits of entropy available)
[    1.176406] random: udevadm: uninitialized urandom read (16 bytes read, 3 bits of entropy available)
[    1.176450] random: udevadm: uninitialized urandom read (16 bytes read, 3 bits of entropy available)
[    1.176592] random: udevadm: uninitialized urandom read (16 bytes read, 3 bits of entropy available)
[    1.176643] random: udevadm: uninitialized urandom read (16 bytes read, 3 bits of entropy available)
[    1.176690] random: udevadm: uninitialized urandom read (16 bytes read, 3 bits of entropy available)
[    1.217673] e1000: Intel(R) PRO/1000 Network Driver - version 7.3.21-k8-NAPI
[    1.218963] e1000: Copyright (c) 1999-2006 Intel Corporation.
[    1.224759] Fusion MPT base driver 3.04.20
[    1.225579] Copyright (c) 1999-2008 LSI Corporation
[    1.230017] Fusion MPT SPI Host driver 3.04.20
[    1.237443] AVX2 version of gcm_enc/dec engaged.
[    1.238464] AES CTR mode by8 optimization enabled
[    1.428126] input: ImExPS/2 Generic Explorer Mouse as /devices/platform/i8042/serio1/input/input4
[    1.578811] e1000 0000:00:03.0 eth0: (PCI:33MHz:32-bit) 02:be:82:6b:cc:1d
[    1.579929] e1000 0000:00:03.0 eth0: Intel(R) PRO/1000 Network Connection
[    1.581616] mptbase: ioc0: Initiating bringup
[    1.743472] ioc0: LSI53C1030 A0: Capabilities={Initiator}
[    1.917395] scsi host2: ioc0: LSI53C1030 A0, FwRev=00000000h, Ports=1, MaxQ=256, IRQ=20
[    2.031001] scsi 2:0:0:0: Direct-Access     VBOX     HARDDISK         1.0  PQ: 0 ANSI: 5
[    2.032897] scsi target2:0:0: Beginning Domain Validation
[    2.044675] scsi target2:0:0: Domain Validation skipping write tests
[    2.045647] scsi target2:0:0: Ending Domain Validation
[    2.046495] scsi target2:0:0: asynchronous
[    2.047523] scsi 2:0:1:0: Direct-Access     VBOX     HARDDISK         1.0  PQ: 0 ANSI: 5
[    2.048862] scsi target2:0:1: Beginning Domain Validation
[    2.050310] scsi target2:0:1: Domain Validation skipping write tests
[    2.051368] scsi target2:0:1: Ending Domain Validation
[    2.052226] scsi target2:0:1: asynchronous
[    2.058720] sd 2:0:0:0: [sda] 83886080 512-byte logical blocks: (42.9 GB/40.0 GiB)
[    2.060294] sd 2:0:0:0: [sda] Write Protect is off
[    2.061205] sd 2:0:0:0: [sda] Incomplete mode parameter data
[    2.062136] sd 2:0:0:0: [sda] Assuming drive cache: write through
[    2.064254]  sda: sda1
[    2.065785] sd 2:0:0:0: [sda] Attached SCSI disk
[    2.067474] sd 2:0:0:0: Attached scsi generic sg0 type 0
[    2.075462] sd 2:0:1:0: Attached scsi generic sg1 type 0
[    2.077023] sd 2:0:1:0: [sdb] 20480 512-byte logical blocks: (10.5 MB/10.0 MiB)
[    2.079057] sd 2:0:1:0: [sdb] Write Protect is off
[    2.080318] sd 2:0:1:0: [sdb] Incomplete mode parameter data
[    2.081641] sd 2:0:1:0: [sdb] Assuming drive cache: write through
[    2.085291] sd 2:0:1:0: [sdb] Attached SCSI disk
[    2.379392] e1000 0000:00:08.0 eth1: (PCI:33MHz:32-bit) 08:00:27:5d:24:38
[    2.380691] e1000 0000:00:08.0 eth1: Intel(R) PRO/1000 Network Connection
[    2.383489] e1000 0000:00:08.0 enp0s8: renamed from eth1
[    2.395264] e1000 0000:00:03.0 enp0s3: renamed from eth0
Begin: Loading essential drivers ... [    3.696390] md: linear personality registered for level -1
[    3.700141] md: multipath personality registered for level -4
[    3.703874] md: raid0 personality registered for level 0
[    3.708150] md: raid1 personality registered for level 1
[    3.778958] raid6: sse2x1   gen()  7893 MB/s
[    3.846531] raid6: sse2x1   xor()  7292 MB/s
[    3.915109] raid6: sse2x2   gen() 14236 MB/s
[    3.982712] raid6: sse2x2   xor()  9235 MB/s
[    4.051263] raid6: sse2x4   gen() 15674 MB/s
[    4.118837] raid6: sse2x4   xor()  8708 MB/s
[    4.186565] raid6: avx2x1   gen() 16655 MB/s
[    4.254427] raid6: avx2x2   gen() 20875 MB/s
[    4.322640] raid6: avx2x4   gen() 21042 MB/s
[    4.323592] raid6: using algorithm avx2x4 gen() 21042 MB/s
[    4.324878] raid6: using avx2x2 recovery algorithm
[    4.328052] xor: automatically using best checksumming function:
[    4.366678]    avx       : 11400.000 MB/sec
[    4.368621] async_tx: api initialized (async)
[    4.379842] md: raid6 personality registered for level 6
[    4.380912] md: raid5 personality registered for level 5
[    4.381968] md: raid4 personality registered for level 4
[    4.389827] md: raid10 personality registered for level 10
done.
Begin: Running /scripts/init-premount ... done.
Begin: Mounting root file system ... Begin: Running /scripts/local-top ... done.
Begin: Running /scripts/local-premount ... [    4.420428] Btrfs loaded
Scanning for Btrfs filesystems
done.
Warning: fsck not present, so skipping root file system
[    4.456904] EXT4-fs (sda1): mounted filesystem with ordered data mode. Opts: (null)
done.
Begin: Running /scripts/local-bottom ... done.
Begin: Running /scripts/init-bottom ... done.
[    4.557609] systemd[1]: systemd 229 running in system mode. (+PAM +AUDIT +SELINUX +IMA +APPARMOR +SMACK +SYSVINIT +UTMP +LIBCRYPTSETUP +GCRYPT +GNUTLS +ACL +XZ -LZ4 +SECCOMP +BLKID +ELFUTILS +KMOD -IDN)
[    4.560725] systemd[1]: Detected virtualization oracle.
[    4.561633] systemd[1]: Detected architecture x86-64.

Welcome to [1mUbuntu 16.04.7 LTS[0m!

[    4.565605] systemd[1]: Set hostname to <web-srv-01>.
[    4.691963] systemd[1]: Listening on Journal Audit Socket.
[[0;32m  OK  [0m] Listening on Journal Audit Socket.
[    4.693765] systemd[1]: Listening on udev Kernel Socket.
[[0;32m  OK  [0m] Listening on udev Kernel Socket.
[    4.695304] systemd[1]: Reached target Encrypted Volumes.
[[0;32m  OK  [0m] Reached target Encrypted Volumes.
[    4.697264] systemd[1]: Listening on Journal Socket.
[[0;32m  OK  [0m] Listening on Journal Socket.
[    4.698904] systemd[1]: Started Trigger resolvconf update for networkd DNS.
[[0;32m  OK  [0m] Started Trigger resolvconf update for networkd DNS.
[    4.701221] systemd[1]: Set up automount Arbitrary Executable File Formats File System Automount Point.
[[0;32m  OK  [0m] Set up automount Arbitrary Executab...ats File System Automount Point.
[    4.704122] systemd[1]: Listening on fsck to fsckd communication Socket.
[[0;32m  OK  [0m] Listening on fsck to fsckd communication Socket.
[    4.706511] systemd[1]: Listening on LVM2 poll daemon socket.
[[0;32m  OK  [0m] Listening on LVM2 poll daemon socket.
[    4.708469] systemd[1]: Listening on LVM2 metadata daemon socket.
[[0;32m  OK  [0m] Listening on LVM2 metadata daemon socket.
[    4.710875] systemd[1]: Created slice User and Session Slice.
[[0;32m  OK  [0m] Created slice User and Session Slice.
[    4.712959] systemd[1]: Listening on Device-mapper event daemon FIFOs.
[[0;32m  OK  [0m] Listening on Device-mapper event daemon FIFOs.
[    4.715028] systemd[1]: Reached target User and Group Name Lookups.
[[0;32m  OK  [0m] Reached target User and Group Name Lookups.
[    4.717051] systemd[1]: Reached target Swap.
[[0;32m  OK  [0m] Reached target Swap.
[    4.718755] systemd[1]: Listening on Journal Socket (/dev/log).
[[0;32m  OK  [0m] Listening on Journal Socket (/dev/log).
[    4.720672] systemd[1]: Listening on Syslog Socket.
[[0;32m  OK  [0m] Listening on Syslog Socket.
[    4.722226] systemd[1]: Listening on /dev/initctl Compatibility Named Pipe.
[[0;32m  OK  [0m] Listening on /dev/initctl Compatibility Named Pipe.
[    4.724541] systemd[1]: Reached target System Time Synchronized.
[[0;32m  OK  [0m] Reached target System Time Synchronized.
[    4.726504] systemd[1]: Listening on udev Control Socket.
[[0;32m  OK  [0m] Listening on udev Control Socket.
[    4.728341] systemd[1]: Started Forward Password Requests to Wall Directory Watch.
[[0;32m  OK  [0m] Started Forward Password Requests to Wall Directory Watch.
[    4.731123] systemd[1]: Created slice System Slice.
[[0;32m  OK  [0m] Created slice System Slice.
[    4.733791] systemd[1]: Created slice system-serial\x2dgetty.slice.
[[0;32m  OK  [0m] Created slice system-serial\x2dgetty.slice.
[    4.755045] systemd[1]: Starting Load Kernel Modules...
         Starting Load Kernel Modules...
[    4.759901] systemd[1]: Starting Journal Service...
         Starting Journal Service...
[    4.763946] systemd[1]: Mounting POSIX Message Queue File System...
         Mounting POSIX Message Queue File System...
[    4.766872] Loading iSCSI transport class v2.0-870.
[    4.767638] systemd[1]: Starting Uncomplicated firewall...
         Starting Uncomplicated firewall...
[    4.771472] systemd[1]: Reached target Slices.
[[0;32m  OK  [0m] Reached target Slices.
[    4.775794] systemd[1]: Starting File System Check on Root Device...
         Starting File System Check on Root Device...
[    4.779982] systemd[1]: Starting Set console keymap...
         Starting Set console keymap...
[    4.789807] systemd[1]: Mounting Huge Pages File System...
         Mounting Huge Pages File System...
[    4.795592] systemd[1]: Starting Create list of required static device nodes for the current kernel...
         Starting Create list of required st... nodes for the current kernel...
[    4.800089] systemd[1]: Starting Nameserver information manager...
         Starting Nameserver information manager...
[    4.804611] iscsi: registered transport (tcp)
[    4.805074] systemd[1]: Mounting Debug File System...
         Mounting Debug File System...
[    4.813191] systemd[1]: Starting Monitoring of LVM2 mirrors, snapshots etc. using dmeventd or progress polling...
         Starting Monitoring of LVM2 mirrors... dmeventd or progress polling...
[    4.824230] systemd[1]: Mounted Huge Pages File System.
[[0;32m  OK  [0m] Mounted Huge Pages File System.
[    4.827140] systemd[1]: Mounted POSIX Message Queue File System.
[[0;32m  OK  [0m] Mounted POSIX Message Queue File System.
[    4.830590] systemd[1]: Mounted Debug File System.
[[0;32m  OK  [0m] Mounted Debug File System.
[    4.833467] systemd[1]: Started Journal Service.
[[0;32m  OK  [0m] Started Journal Service.
[[0;32m  OK  [0m] Started Uncomplicated firewall.
[[0;32m  OK  [0m] Started Create list of required sta...ce nodes for the current kernel.
[[0;32m  OK  [0m] Started File System Check Daemon to report status.
         Starting Create Static Device Nodes in /dev...
[[0;32m  OK  [0m] Started Nameserver information manager.
[[0;32m  OK  [0m] Started LVM2 metadata daemon.
[[0;32m  OK  [0m] Started File System Check on Root Device.
         Starting Remount Root and Kernel File Systems...
[    4.877468] EXT4-fs (sda1): re-mounted. Opts: (null)
[[0;32m  OK  [0m] Started Remount Root and Kernel File Systems.
         Starting Flush Journal to Persistent Storage...
         Starting Load/Save Random Seed...
         Starting udev Coldplug all Devices...
[[0;32m  OK  [0m] Started Set console keymap.
[[0;32m  OK  [0m] Started Create Static Device Nodes in /dev.
         Starting udev Kernel Device Manager...
[[0;32m  OK  [0m] Started Load/Save Random Seed.
[    4.909823] systemd-journald[367]: Received request to flush runtime journal from PID 1
[[0;32m  OK  [0m] Started Flush Journal to Persistent Storage.
[[0;32m  OK  [0m] Started udev Coldplug all Devices.
[    4.937475] random: nonblocking pool is initialized
[    4.941080] iscsi: registered transport (iser)
[[0;32m  OK  [0m] Started Load Kernel Modules.
         Mounting FUSE Control File System...
         Starting Apply Kernel Variables...
[[0;32m  OK  [0m] Mounted FUSE Control File System.
[[0;32m  OK  [0m] Started udev Kernel Device Manager.
[[0;32m  OK  [0m] Started Dispatch Password Requests to Console Directory Watch.
[[0;32m  OK  [0m] Started Apply Kernel Variables.
[[0;32m  OK  [0m] Found device /dev/ttyS0.
[[0;32m  OK  [0m] Listening on Load/Save RF Kill Switch Status /dev/rfkill Watch.
[[0;32m  OK  [0m] Started Monitoring of LVM2 mirrors,...ng dmeventd or progress polling.
[[0;32m  OK  [0m] Reached target Local File Systems (Pre).
[[0;32m  OK  [0m] Reached target Local File Systems.
         Starting Set console font and keymap...
         Starting Tell Plymouth To Write Out Runtime Data...
         Starting Create Volatile Files and Directories...
         Starting Initial cloud-init job (pre-networking)...
         Starting LSB: AppArmor initialization...
[[0;32m  OK  [0m] Started Tell Plymouth To Write Out Runtime Data.
[[0;32m  OK  [0m] Started Create Volatile Files and Directories.
         Starting Update UTMP about System Boot/Shutdown...
[[0;32m  OK  [0m] Found device 82540EM Gigabit Ethern...r (PRO/1000 MT Desktop Adapter).
[[0;32m  OK  [0m] Started Update UTMP about System Boot/Shutdown.
[[0;32m  OK  [0m] Found device 82540EM Gigabit Ethern...r (PRO/1000 MT Desktop Adapter).
[[0;32m  OK  [0m] Started LSB: AppArmor initialization.
         Starting Load AppArmor profiles managed internally by snapd...
[[0;32m  OK  [0m] Started Load AppArmor profiles managed internally by snapd.
[[0;32m  OK  [0m] Started Set console font and keymap.
[[0;32m  OK  [0m] Created slice system-getty.slice.
[    6.245428] cloud-init[656]: Cloud-init v. 21.1-19-gbad84ad4-0ubuntu1~16.04.2 running 'init-local' at Fri, 18 Mar 2022 08:24:24 +0000. Up 6.00 seconds.
[[0;32m  OK  [0m] Started Initial cloud-init job (pre-networking).
[[0;32m  OK  [0m] Reached target Network (Pre).
         Starting Raise network interfaces...
[[0;32m  OK  [0m] Started ifup for enp0s8.
[[0;32m  OK  [0m] Started ifup for enp0s3.
[[0;32m  OK  [0m] Started Raise network interfaces.
[[0;32m  OK  [0m] Reached target Network.
         Starting Initial cloud-init job (metadata service crawler)...
[    6.967693] cloud-init[1077]: Cloud-init v. 21.1-19-gbad84ad4-0ubuntu1~16.04.2 running 'init' at Fri, 18 Mar 2022 08:24:25 +0000. Up 6.72 seconds.
[    6.970468] cloud-init[1077]: ci-info: ++++++++++++++++++++++++++++++++++++++Net device info+++++++++++++++++++++++++++++++++++++++
[    6.972475] cloud-init[1077]: ci-info: +--------+------+-----------------------------+---------------+--------+-------------------+
[    6.974627] cloud-init[1077]: ci-info: | Device |  Up  |           Address           |      Mask     | Scope  |     Hw-Address    |
[    6.981043] cloud-init[1077]: ci-info: +--------+------+-----------------------------+---------------+--------+-------------------+
[    6.982700] cloud-init[1077]: ci-info: | enp0s3 | True |          10.0.2.15          | 255.255.255.0 | global | 02:be:82:6b:cc:1d |
[    6.984944] cloud-init[1077]: ci-info: | enp0s3 | True |  fe80::be:82ff:fe6b:cc1d/64 |       .       |  link  | 02:be:82:6b:cc:1d |
[    6.986959] cloud-init[1077]: ci-info: | enp0s8 | True |        192.168.2.100        | 255.255.255.0 | global | 08:00:27:5d:24:38 |
[    6.988823] cloud-init[1077]: ci-info: | enp0s8 | True | fe80::a00:27ff:fe5d:2438/64 |       .       |  link  | 08:00:27:5d:24:38 |
[    6.990828] cloud-init[1077]: ci-info: |   lo   | True |          127.0.0.1          |   255.0.0.0   |  host  |         .         |
[    6.992507] cloud-init[1077]: ci-info: |   lo   | True |           ::1/128           |       .       |  host  |         .         |
[    6.994275] cloud-init[1077]: ci-info: +--------+------+-----------------------------+---------------+--------+-------------------+
[    6.996159] cloud-init[1077]: ci-info: +++++++++++++++++++++++++++Route IPv4 info++++++++++++++++++++++++++++
[    7.004703] cloud-init[1077]: ci-info: +-------+-------------+----------+---------------+-----------+-------+
[    7.006263] cloud-init[1077]: ci-info: | Route | Destination | Gateway  |    Genmask    | Interface | Flags |
[    7.008034] cloud-init[1077]: ci-info: +-------+-------------+----------+---------------+-----------+-------+
[    7.010231] cloud-init[1077]: ci-info: |   0   |   0.0.0.0   | 10.0.2.2 |    0.0.0.0    |   enp0s3  |   UG  |
[    7.012067] cloud-init[1077]: ci-info: |   1   |   10.0.2.0  | 0.0.0.0  | 255.255.255.0 |   enp0s3  |   U   |
[    7.013618] cloud-init[1077]: ci-info: |   2   | 192.168.2.0 | 0.0.0.0  | 255.255.255.0 |   enp0s8  |   U   |
[    7.021243] cloud-init[1077]: ci-info: +-------+-------------+----------+---------------+-----------+-------+
[    7.022858] cloud-init[1077]: ci-info: +++++++++++++++++++Route IPv6 info+++++++++++++++++++
[    7.024639] cloud-init[1077]: ci-info: +-------+-------------+---------+-----------+-------+
[    7.026439] cloud-init[1077]: ci-info: | Route | Destination | Gateway | Interface | Flags |
[    7.028400] cloud-init[1077]: ci-info: +-------+-------------+---------+-----------+-------+
[    7.029936] cloud-init[1077]: ci-info: |   0   |  fe80::/64  |    ::   |   enp0s8  |   U   |
[    7.031446] cloud-init[1077]: ci-info: |   1   |  fe80::/64  |    ::   |   enp0s3  |   U   |
[    7.032719] cloud-init[1077]: ci-info: |   4   |   ff00::/8  |    ::   |   enp0s8  |   U   |
[    7.040842] cloud-init[1077]: ci-info: |   5   |   ff00::/8  |    ::   |   enp0s3  |   U   |
[    7.042144] cloud-init[1077]: ci-info: +-------+-------------+---------+-----------+-------+
[[0;32m  OK  [0m] Started Initial cloud-init job (metadata service crawler).
[[0;32m  OK  [0m] Reached target System Initialization.
[[0;32m  OK  [0m] Listening on D-Bus System Message Bus Socket.
         Starting Socket activation for snappy daemon.
[[0;32m  OK  [0m] Started ACPI Events Check.
[[0;32m  OK  [0m] Reached target Paths.
[[0;32m  OK  [0m] Started Ubuntu Advantage update messaging.
[[0;32m  OK  [0m] Listening on ACPID Listen Socket.
         Starting LXD - unix socket.
[[0;32m  OK  [0m] Started Daily Cleanup of Temporary Directories.
[[0;32m  OK  [0m] Started Daily apt download activities.
[[0;32m  OK  [0m] Started Daily apt upgrade and clean activities.
[[0;32m  OK  [0m] Started Message of the Day.
[[0;32m  OK  [0m] Reached target Timers.
[[0;32m  OK  [0m] Listening on UUID daemon activation socket.
[[0;32m  OK  [0m] Reached target Network is Online.
         Starting iSCSI initiator daemon (iscsid)...
[[0;32m  OK  [0m] Reached target Cloud-config availability.
[[0;32m  OK  [0m] Listening on Socket activation for snappy daemon.
[[0;32m  OK  [0m] Listening on LXD - unix socket.
[[0;32m  OK  [0m] Reached target Sockets.
[[0;32m  OK  [0m] Reached target Basic System.
         Starting LSB: Record successful boot for GRUB...
         Starting System Logging Service...
         Starting Login Service...
[[0;32m  OK  [0m] Started Deferred execution scheduler.
         Starting Accounts Service...
[[0;32m  OK  [0m] Started D-Bus System Message Bus.
         Starting OpenBSD Secure Shell server...
[[0;32m  OK  [0m] Started ACPI event daemon.
[[0;32m  OK  [0m] Started Regular background program processing daemon.
         Starting Snap Daemon...
         Starting /etc/rc.local Compatibility...
         Starting LSB: MD monitoring daemon...
[[0;32m  OK  [0m] Started FUSE filesystem for LXC.
         Starting LXD - container startup/shutdown...
         Starting Virtualbox guest utils...
[[0;32m  OK  [0m] Started System Logging Service.
[[0;32m  OK  [0m] Started iSCSI initiator daemon (iscsid).
[[0;32m  OK  [0m] Started /etc/rc.local Compatibility.
[[0;32m  OK  [0m] Started Login Service.
[[0;32m  OK  [0m] Started Unattended Upgrades Shutdown.
         Starting Authenticate and Authorize Users to Run Privileged Tasks...
         Starting Login to default iSCSI targets...
[[0;32m  OK  [0m] Started LSB: Record successful boot for GRUB.
[[0;32m  OK  [0m] Started LSB: MD monitoring daemon.
[[0;32m  OK  [0m] Started Login to default iSCSI targets.
[[0;32m  OK  [0m] Reached target Remote File Systems (Pre).
         Mounting /var/www/html...
[[0;32m  OK  [0m] Started Authenticate and Authorize Users to Run Privileged Tasks.
[[0;32m  OK  [0m] Started OpenBSD Secure Shell server.
[[0;32m  OK  [0m] Started Accounts Service.
[[0;1;31mFAILED[0m] Failed to mount /var/www/html.
See 'systemctl status var-www-html.mount' for details.
[[0;1;33mDEPEND[0m] Dependency failed for Remote File Systems.
         Starting LSB: automatic crash report generation...
         Starting Permit User Sessions...
         Starting LSB: Set the CPU Frequency Scaling governor to "ondemand"...
         Starting LSB: Apache2 web server...
         Starting LSB: daemon to balance interrupts for SMP systems...
[[0;32m  OK  [0m] Started Permit User Sessions.
         Starting Terminate Plymouth Boot Screen...
         Starting Hold until boot process finishes up...
[[0;32m  OK  [0m] Started Hold until boot process finishes up.
         Starting Set console scheme...
[[0;32m  OK  [0m] Started Getty on tty1.
[[0;32m  OK  [0m] Started Serial Getty on ttyS0.
[[0;32m  OK  [0m] Reached target Login Prompts.
[[0;32m  OK  [0m] Started Set console scheme.
[[0;32m  OK  [0m] Started LSB: Set the CPU Frequency Scaling governor to "ondemand".
[[0;32m  OK  [0m] Started Terminate Plymouth Boot Screen.
[[0;32m  OK  [0m] Started LSB: daemon to balance interrupts for SMP systems.
[[0;32m  OK  [0m] Started LSB: automatic crash report generation.
[[0;32m  OK  [0m] Started Virtualbox guest utils.
[[0;32m  OK  [0m] Started LXD - container startup/shutdown.
[[0;32m  OK  [0m] Started Snap Daemon.
         Starting Wait until snapd is fully seeded...
[[0;32m  OK  [0m] Started Wait until snapd is fully seeded.
         Starting Apply the settings specified in cloud-config...
[    7.999246] cloud-init[1360]: Cloud-init v. 21.1-19-gbad84ad4-0ubuntu1~16.04.2 running 'modules:config' at Fri, 18 Mar 2022 08:24:26 +0000. Up 7.91 seconds.
[[0;32m  OK  [0m] Started Apply the settings specified in cloud-config.
[[0;32m  OK  [0m] Started LSB: Apache2 web server.
[[0;32m  OK  [0m] Reached target Multi-User System.
         Starting Execute cloud user/final scripts...
[[0;32m  OK  [0m] Reached target Graphical Interface.
         Starting Update UTMP about System Runlevel Changes...
[[0;32m  OK  [0m] Started Update UTMP about System Runlevel Changes.
[    8.985320] cloud-init[1377]: Cloud-init v. 21.1-19-gbad84ad4-0ubuntu1~16.04.2 running 'modules:final' at Fri, 18 Mar 2022 08:24:27 +0000. Up 8.87 seconds.
[    8.987257] cloud-init[1377]: Cloud-init v. 21.1-19-gbad84ad4-0ubuntu1~16.04.2 finished at Fri, 18 Mar 2022 08:24:27 +0000. Datasource DataSourceNoCloud [seed=/dev/sdb][dsmode=net].  Up 8.97 seconds
[[0;32m  OK  [0m] Started Execute cloud user/final scripts.
[[0;32m  OK  [0m] Reached target Cloud-init target.

Ubuntu 16.04.7 LTS web-srv-01 ttyS0

web-srv-01 login:          Stopping ACPI event daemon...
         Unmounting /var/www/html...
[[0;32m  OK  [0m] Stopped target Graphical Interface.
[[0;32m  OK  [0m] Stopped target Cloud-init target.
[[0;32m  OK  [0m] Stopped Execute cloud user/final scripts.
[[0;32m  OK  [0m] Stopped target Multi-User System.
         Stopping LXD - container startup/shut[[0;32m  OK  [0m] Closed Load/Save RF Kill Switch Status /dev/rfkill Watch.
         Stopping Session 2 of user vagrant.
         Unmounting /vagrant...
[[0;32m  OK  [0m] Stopped target Cloud-init target.
[[0;32m  OK  [0m] Stopped Execute cloud user/final scripts.
[[0;32m  OK  [0m] Stopped Apply the settings specified in cloud-config.
[[0;32m  OK  [0m] Stopped target Cloud-config availability.
[[0;32m  OK  [0m] Stopped target Timers.
[[0;32m  OK  [0m] Stopped Message of the Day.
[[0;32m  OK  [0m] Stopped Daily apt upgrade and clean activities.
[[0;32m  OK  [0m] Stopped Daily apt download activities.
[[0;32m  OK  [0m] Stopped Daily Cleanup of Temporary Directories.
         Stopping System Logging Service...
         Stopping LSB: daemon to balance interrupts for SMP systems...
         Stopping LSB: Record successful boot for GRUB...
         Stopping Accounts Service...
         Stopping LSB: automatic crash report generation...
         Stopping LSB: MD monitoring daemon...
         Stopping D-Bus System Message Bus...
         Stopping Regular background program processing daemon...
[[0;32m  OK  [0m] Stopped Wait until snapd is fully seeded.
[[0;32m  OK  [0m] Stopped Ubuntu Advantage update messaging.
[[0;32m  OK  [0m] Stopped target System Time Synchronized.
         Stopping OpenBSD Secure Shell server...
         Stopping LSB: Set the CPU Frequency Scaling governor to "ondemand"...
         Stopping User Manager for UID 1000...
         Stopping LXD - container startup/shutdown...
         Stopping FUSE filesystem for LXC...
[[0;32m  OK  [0m] Unmounted /var/lib/lxcfs.
[[0;32m  OK  [0m] Stopped Regular background program processing daemon.
[[0;32m  OK  [0m] Stopped System Logging Service.
[[0;32m  OK  [0m] Stopped Accounts Service.
[[0;32m  OK  [0m] Stopped Deferred execution scheduler.
[[0;32m  OK  [0m] Stopped OpenBSD Secure Shell server.
[[0;32m  OK  [0m] Stopped Serial Getty on ttyS0.
[[0;32m  OK  [0m] Stopped Getty on tty1.
[[0;32m  OK  [0m] Stopped Authenticate and Authorize Users to Run Privileged Tasks.
[[0;32m  OK  [0m] Stopped User Manager for UID 1000.
[[0;32m  OK  [0m] Stopped ACPI event daemon.
[[0;32m  OK  [0m] Stopped Session 2 of user vagrant.
[[0;32m  OK  [0m] Unmounted /vagrant.
[[0;32m  OK  [0m] Stopped D-Bus System Message Bus.
[[0;32m  OK  [0m] Stopped FUSE filesystem for LXC.
[[0;32m  OK  [0m] Stopped LSB: daemon to balance interrupts for SMP systems.
[[0;32m  OK  [0m] Stopped LSB: automatic crash report generation.
[[0;32m  OK  [0m] Stopped LSB: Set the CPU Frequency Scaling governor to "ondemand".
[[0;32m  OK  [0m] Stopped LSB: Record successful boot for GRUB.
[[0;32m  OK  [0m] Stopped LSB: MD monitoring daemon.
[[0;32m  OK  [0m] Stopped target Remote File Systems (Pre).
         Stopping Login to default iSCSI targets...
[[0;32m  OK  [0m] Removed slice User Slice of vagrant.
         Stopping Login Service...
[[0;32m  OK  [0m] Removed slice system-getty.slice.
[[0;32m  OK  [0m] Stopped /etc/rc.local Compatibility.
         Stopping Permit User Sessions...
[[0;32m  OK  [0m] Removed slice system-serial\x2dgetty.slice.
[[0;32m  OK  [0m] Stopped Virtualbox guest utils.
[[0;32m  OK  [0m] Stopped LXD - container startup/shutdown.
[[0;32m  OK  [0m] Stopped Permit User Sessions.
[[0;32m  OK  [0m] Stopped Login to default iSCSI targets.
         Stopping iSCSI initiator daemon (iscsid)...
[[0;32m  OK  [0m] Stopped iSCSI initiator daemon (iscsid).
[[0;32m  OK  [0m] Stopped target Network is Online.
[[0;32m  OK  [0m] Stopped Login Service.
[[0;32m  OK  [0m] Stopped target User and Group Name Lookups.
[[0;32m  OK  [0m] Stopped MySQL Community Server.
[[0;32m  OK  [0m] Stopped target Network.
[[0;32m  OK  [0m] Stopped target Basic System.
[[0;32m  OK  [0m] Stopped target Sockets.
[[0;32m  OK  [0m] Closed Socket activation for snappy daemon.
[[0;32m  OK  [0m] Closed D-Bus System Message Bus Socket.
[[0;32m  OK  [0m] Closed LXD - unix socket.
[[0;32m  OK  [0m] Closed ACPID Listen Socket.
[[0;32m  OK  [0m] Closed Syslog Socket.
[[0;32m  OK  [0m] Closed UUID daemon activation socket.
[[0;32m  OK  [0m] Stopped target Slices.
[[0;32m  OK  [0m] Removed slice User and Session Slice.
[[0;32m  OK  [0m] Stopped target Paths.
[[0;32m  OK  [0m] Stopped ACPI Events Check.
[[0;32m  OK  [0m] Stopped Forward Password Requests to Wall Directory Watch.
[[0;32m  OK  [0m] Stopped Dispatch Password Requests to Console Directory Watch.
[[0;32m  OK  [0m] Stopped target System Initialization.
[[0;32m  OK  [0m] Stopped target Encrypted Volumes.
[[0;32m  OK  [0m] Stopped Initial cloud-init job (metadata service crawler).
         Stopping Raise network interfaces...
[[0;32m  OK  [0m] Stopped Create Volatile Files and Directories.
         Stopping Load/Save Random Seed...
[[0;32m  OK  [0m] Stopped target Swap.
[[0;32m  OK  [0m] Stopped Load/Save Random Seed.
[[0;32m  OK  [0m] Stopped Raise network interfaces.
[[0;32m  OK  [0m] Stopped target Local File Systems.
         Unmounting /run/user/1000...
[[0;32m  OK  [0m] Stopped Apply Kernel Variables.
[[0;32m  OK  [0m] Stopped target Network (Pre).
[[0;32m  OK  [0m] Stopped Initial cloud-init job (pre-networking).
[[0;32m  OK  [0m] Stopped Load Kernel Modules.
[[0;32m  OK  [0m] Unmounted /run/user/1000.
[[0;32m  OK  [0m] Reached target Unmount All Filesystems.
[[0;32m  OK  [0m] Stopped target Local File Systems (Pre).
[[0;32m  OK  [0m] Stopped Create Static Device Nodes in /dev.
[[0;32m  OK  [0m] Stopped Remount Root and Kernel File Systems.
[[0;32m  OK  [0m] Reached target Shutdown.
[  400.854503] reboot: Power down
File Systems.
[[0;32m  OK  [0m] Stopped Create Static Device Nodes in /dev.
[[0;32m  OK  [0m] Reached target Shutdown.
[  365.457015] reboot: Power down
